Microsoft Windows [Version 10.0.19044.1706]
(c) Microsoft Corporation. All rights reserved.

C:\Users\Lenovo>mysql -hlocalhost -P3306 -uroot -p
Enter password: ***********
Welcome to the MySQL monitor.  Commands end with ; or \g.
Your MySQL connection id is 9
Server version: 8.0.29 MySQL Community Server - GPL

Copyright (c) 2000, 2022, Oracle and/or its affiliates.

Oracle is a registered trademark of Oracle Corporation and/or its
affiliates. Other names may be trademarks of their respective
owners.

Type 'help;' or '\h' for help. Type '\c' to clear the current input statement.

mysql> exit
Bye

C:\Users\Lenovo>mysql --host=localhost --port=3306 --user=root --password
mysql: [ERROR] unknown variable 'Port=3306'.

C:\Users\Lenovo>mysql --host=localhost --port=3306 --user=root --password
Enter password: ***********
Welcome to the MySQL monitor.  Commands end with ; or \g.
Your MySQL connection id is 10
Server version: 8.0.29 MySQL Community Server - GPL

Copyright (c) 2000, 2022, Oracle and/or its affiliates.

Oracle is a registered trademark of Oracle Corporation and/or its
affiliates. Other names may be trademarks of their respective
owners.

Type 'help;' or '\h' for help. Type '\c' to clear the current input statement.

mysql> show databases;
+--------------------+
| Database           |
+--------------------+
| db1                |
| information_schema |
| mysql              |
| performance_schema |
| pr                 |
| practice           |
| sys                |
+--------------------+
7 rows in set (0.00 sec)

mysql> use practice;
Database changed
mysql> SELECT * FROM emp WHERE False IN (10, 20, 0);
+-------+----------+--------+---------------------+------+------------+------+------+--------+---------+--------------+------------+------------+----------+
| EMPNO | ENAME    | GENDER | JOB                 | MGR  | HIREDATE   | SAL  | COMM | DEPTNO | BONUSID | USER NAME    | PWD        | PHONE      | isActive |
+-------+----------+--------+---------------------+------+------------+------+------+--------+---------+--------------+------------+------------+----------+
|  6001 | GITA     | F      | Compliance officers | 7920 | 1981-07-19 | 1750 | NULL |     30 |       1 | GITA         | sales@2017 | NULL       |        1 |
|  6129 | VRUSHALI | F      | Compliance officers | 7920 | 1981-07-19 | 1750 | NULL |     50 |       1 | VRUSHALI     | PUN@8877   | NULL       |        1 |
|  6473 | SHARMIN  | F      | Public Relation     | 7920 | 1981-07-19 | 1750 | NULL |     20 |       1 | SHARMIN      | a12recmpm  | NULL       |        1 |
|  6781 | BANDISH  | F      | Public Relation     | 7920 | 1981-07-19 | 1750 | NULL |     20 |       1 | BANDISH      | a12recmpm  | NULL       |        1 |
|  7369 | SMITH    | M      | CLERK               | 7902 | 1980-12-17 |  800 | NULL |     20 |       2 | TRITONE      | a12recmpm  | 7032300023 |        0 |
|  7415 | AARAV    | M      | CLERK               | 7902 | 1981-12-31 | 3350 | NULL |     10 |    NULL | AARAV        | NULL       | 7032300084 |        0 |
|  7421 | THOMAS   | M      | CLERK               | 7920 | 1981-07-19 | 1750 | NULL |     10 |       1 | THOMAS       | r50mpm     | 7032300011 |        0 |
|  7499 | ALLEN    | M      | SALESMAN            | 7698 | 1981-02-20 | 1600 |  300 |     30 |       4 | ALWAYS TESTE | sales@2017 | 7032300096 |        1 |
|  7521 | WARD     | M      | SALESMAN            | 7698 | 1981-02-22 | 1250 |  500 |     30 |       1 | WARD         | sales@2017 | 7132300034 |        1 |
|  7566 | JONES    | M      | MANAGER             | 7839 | 1981-04-02 | 2975 | NULL |     20 |       4 | HONEYCOMB    | a12recmpm  | 7132300039 |        1 |
|  7654 | MARTIN   | M      | SALESMAN            | 7698 | 1981-09-28 | 1250 | 1400 |     30 |       6 | LIFE RACER   | sales@2017 | 7132300050 |        1 |
|  7698 | BLAKE    | M      | MANAGER             | 7839 | 1981-05-01 | 2850 | NULL |     30 |       1 | BIG BEN      | sales@2017 | 7132300027 |        1 |
|  7782 | CLARK    | M      | MANAGER             | 7839 | 1981-06-09 | 2450 | NULL |     10 |       3 | CLARK        | r50mpm     | 7032300001 |        1 |
|  7788 | SCOTT    | M      | ANALYST             | 7566 | 1982-12-09 | 3000 | NULL |     20 |       3 | WHITE SAND   | a12recmpm  | NULL       |        1 |
|  7839 | KING     | M      | PRESIDENT           | NULL | 1981-11-17 | 5000 | NULL |     10 |       1 | KING         | r50mpm     | 7132300081 |        1 |
|  7840 | FRED     | M      | vice PRESIDENT      | 7839 | 1983-08-09 | 5000 | NULL |     20 |       1 | SAND STONE   | a12recmpm  | NULL       |        1 |
|  7844 | TURNER   | M      | SALESMAN            | 7698 | 1981-09-08 | 1500 |    0 |     30 |       5 | SAND DUST    | sales@2017 | NULL       |        1 |
|  7876 | ADAMS    | M      | CLERK               | 7788 | 1983-01-12 | 1100 | NULL |     20 |       1 | CRAZY ANYONE | a12recmpm  | 7132300086 |        1 |
|  7900 | JAMES    | M      | CLERK               | 7698 | 1981-12-03 |  950 | NULL |     30 |       2 | CRAZY LEADER | sales@2017 | 7132300042 |        1 |
|  7902 | FORD     | M      | ANALYST             | 7566 | 1981-12-03 | 3000 | NULL |     20 |       4 | CONBRIO      | a12recmpm  | NULL       |        0 |
|  7919 | HOFFMAN  | M      | MANAGER             | 7566 | 1982-03-24 | 4150 | NULL |     30 |       3 | INTERVAL     | sales@2017 | NULL       |        1 |
|  7920 | GRASS    | M      | SALESMAN            | 7919 | 1980-02-14 | 2575 | 2700 |     30 |       5 | GRASS        | sales@2017 | NULL       |        1 |
|  7934 | MILLER   | M      | CLERK               | 7782 | 1982-01-23 | 1300 | NULL |     10 |       2 | QUARTERNOTE  | r50mpm     | 7132300055 |        0 |
|  7945 | AARUSH   | M      | SALESMAN            | 7902 | 1980-02-14 | 1350 | 2700 |     30 |    NULL | AARUSH       | ABCDEF     | NULL       |        0 |
|  7949 | ALEX     | M      | MANAGER             | 7698 | 1982-01-24 | 1250 |  500 |     30 |       5 | QUARTERREST  | sales@2017 | 7156567183 |        1 |
|  8433 | NATASHA  | F      | CLERK               | 7920 | 1981-07-19 | 1750 | NULL |     30 |       1 | NATASHA      | sales@2017 | NULL       |        1 |
|  9400 | SANGITA  | F      | Compliance officers | 7920 | 1981-07-19 | 1750 | NULL |     50 |       1 | SANGITA      | NULL       | NULL       |        1 |
|  9473 | SUPRIYA  | F      | ANALYST             | 7920 | 1981-07-19 | 1750 | NULL |     50 |       1 | SUPRIYA      | XYZ@1234   | NULL       |        1 |
+-------+----------+--------+---------------------+------+------------+------+------+--------+---------+--------------+------------+------------+----------+
28 rows in set (0.00 sec)

mysql> SELECT * FROM emp WHERE True IN (10, 20, 1);
+-------+----------+--------+---------------------+------+------------+------+------+--------+---------+--------------+------------+------------+----------+
| EMPNO | ENAME    | GENDER | JOB                 | MGR  | HIREDATE   | SAL  | COMM | DEPTNO | BONUSID | USER NAME    | PWD        | PHONE      | isActive |
+-------+----------+--------+---------------------+------+------------+------+------+--------+---------+--------------+------------+------------+----------+
|  6001 | GITA     | F      | Compliance officers | 7920 | 1981-07-19 | 1750 | NULL |     30 |       1 | GITA         | sales@2017 | NULL       |        1 |
|  6129 | VRUSHALI | F      | Compliance officers | 7920 | 1981-07-19 | 1750 | NULL |     50 |       1 | VRUSHALI     | PUN@8877   | NULL       |        1 |
|  6473 | SHARMIN  | F      | Public Relation     | 7920 | 1981-07-19 | 1750 | NULL |     20 |       1 | SHARMIN      | a12recmpm  | NULL       |        1 |
|  6781 | BANDISH  | F      | Public Relation     | 7920 | 1981-07-19 | 1750 | NULL |     20 |       1 | BANDISH      | a12recmpm  | NULL       |        1 |
|  7369 | SMITH    | M      | CLERK               | 7902 | 1980-12-17 |  800 | NULL |     20 |       2 | TRITONE      | a12recmpm  | 7032300023 |        0 |
|  7415 | AARAV    | M      | CLERK               | 7902 | 1981-12-31 | 3350 | NULL |     10 |    NULL | AARAV        | NULL       | 7032300084 |        0 |
|  7421 | THOMAS   | M      | CLERK               | 7920 | 1981-07-19 | 1750 | NULL |     10 |       1 | THOMAS       | r50mpm     | 7032300011 |        0 |
|  7499 | ALLEN    | M      | SALESMAN            | 7698 | 1981-02-20 | 1600 |  300 |     30 |       4 | ALWAYS TESTE | sales@2017 | 7032300096 |        1 |
|  7521 | WARD     | M      | SALESMAN            | 7698 | 1981-02-22 | 1250 |  500 |     30 |       1 | WARD         | sales@2017 | 7132300034 |        1 |
|  7566 | JONES    | M      | MANAGER             | 7839 | 1981-04-02 | 2975 | NULL |     20 |       4 | HONEYCOMB    | a12recmpm  | 7132300039 |        1 |
|  7654 | MARTIN   | M      | SALESMAN            | 7698 | 1981-09-28 | 1250 | 1400 |     30 |       6 | LIFE RACER   | sales@2017 | 7132300050 |        1 |
|  7698 | BLAKE    | M      | MANAGER             | 7839 | 1981-05-01 | 2850 | NULL |     30 |       1 | BIG BEN      | sales@2017 | 7132300027 |        1 |
|  7782 | CLARK    | M      | MANAGER             | 7839 | 1981-06-09 | 2450 | NULL |     10 |       3 | CLARK        | r50mpm     | 7032300001 |        1 |
|  7788 | SCOTT    | M      | ANALYST             | 7566 | 1982-12-09 | 3000 | NULL |     20 |       3 | WHITE SAND   | a12recmpm  | NULL       |        1 |
|  7839 | KING     | M      | PRESIDENT           | NULL | 1981-11-17 | 5000 | NULL |     10 |       1 | KING         | r50mpm     | 7132300081 |        1 |
|  7840 | FRED     | M      | vice PRESIDENT      | 7839 | 1983-08-09 | 5000 | NULL |     20 |       1 | SAND STONE   | a12recmpm  | NULL       |        1 |
|  7844 | TURNER   | M      | SALESMAN            | 7698 | 1981-09-08 | 1500 |    0 |     30 |       5 | SAND DUST    | sales@2017 | NULL       |        1 |
|  7876 | ADAMS    | M      | CLERK               | 7788 | 1983-01-12 | 1100 | NULL |     20 |       1 | CRAZY ANYONE | a12recmpm  | 7132300086 |        1 |
|  7900 | JAMES    | M      | CLERK               | 7698 | 1981-12-03 |  950 | NULL |     30 |       2 | CRAZY LEADER | sales@2017 | 7132300042 |        1 |
|  7902 | FORD     | M      | ANALYST             | 7566 | 1981-12-03 | 3000 | NULL |     20 |       4 | CONBRIO      | a12recmpm  | NULL       |        0 |
|  7919 | HOFFMAN  | M      | MANAGER             | 7566 | 1982-03-24 | 4150 | NULL |     30 |       3 | INTERVAL     | sales@2017 | NULL       |        1 |
|  7920 | GRASS    | M      | SALESMAN            | 7919 | 1980-02-14 | 2575 | 2700 |     30 |       5 | GRASS        | sales@2017 | NULL       |        1 |
|  7934 | MILLER   | M      | CLERK               | 7782 | 1982-01-23 | 1300 | NULL |     10 |       2 | QUARTERNOTE  | r50mpm     | 7132300055 |        0 |
|  7945 | AARUSH   | M      | SALESMAN            | 7902 | 1980-02-14 | 1350 | 2700 |     30 |    NULL | AARUSH       | ABCDEF     | NULL       |        0 |
|  7949 | ALEX     | M      | MANAGER             | 7698 | 1982-01-24 | 1250 |  500 |     30 |       5 | QUARTERREST  | sales@2017 | 7156567183 |        1 |
|  8433 | NATASHA  | F      | CLERK               | 7920 | 1981-07-19 | 1750 | NULL |     30 |       1 | NATASHA      | sales@2017 | NULL       |        1 |
|  9400 | SANGITA  | F      | Compliance officers | 7920 | 1981-07-19 | 1750 | NULL |     50 |       1 | SANGITA      | NULL       | NULL       |        1 |
|  9473 | SUPRIYA  | F      | ANALYST             | 7920 | 1981-07-19 | 1750 | NULL |     50 |       1 | SUPRIYA      | XYZ@1234   | NULL       |        1 |
+-------+----------+--------+---------------------+------+------------+------+------+--------+---------+--------------+------------+------------+----------+
28 rows in set (0.00 sec)

mysql> SELECT * FROM emp WHERE True IN (10, 20, 0);
Empty set (0.00 sec)

mysql> SELECT * FROM emp WHERE False IN (10, 20, 1);
Empty set (0.00 sec)

mysql> SELECT * FROM emp WHERE True IN (10, 10, 1);
+-------+----------+--------+---------------------+------+------------+------+------+--------+---------+--------------+------------+------------+----------+
| EMPNO | ENAME    | GENDER | JOB                 | MGR  | HIREDATE   | SAL  | COMM | DEPTNO | BONUSID | USER NAME    | PWD        | PHONE      | isActive |
+-------+----------+--------+---------------------+------+------------+------+------+--------+---------+--------------+------------+------------+----------+
|  6001 | GITA     | F      | Compliance officers | 7920 | 1981-07-19 | 1750 | NULL |     30 |       1 | GITA         | sales@2017 | NULL       |        1 |
|  6129 | VRUSHALI | F      | Compliance officers | 7920 | 1981-07-19 | 1750 | NULL |     50 |       1 | VRUSHALI     | PUN@8877   | NULL       |        1 |
|  6473 | SHARMIN  | F      | Public Relation     | 7920 | 1981-07-19 | 1750 | NULL |     20 |       1 | SHARMIN      | a12recmpm  | NULL       |        1 |
|  6781 | BANDISH  | F      | Public Relation     | 7920 | 1981-07-19 | 1750 | NULL |     20 |       1 | BANDISH      | a12recmpm  | NULL       |        1 |
|  7369 | SMITH    | M      | CLERK               | 7902 | 1980-12-17 |  800 | NULL |     20 |       2 | TRITONE      | a12recmpm  | 7032300023 |        0 |
|  7415 | AARAV    | M      | CLERK               | 7902 | 1981-12-31 | 3350 | NULL |     10 |    NULL | AARAV        | NULL       | 7032300084 |        0 |
|  7421 | THOMAS   | M      | CLERK               | 7920 | 1981-07-19 | 1750 | NULL |     10 |       1 | THOMAS       | r50mpm     | 7032300011 |        0 |
|  7499 | ALLEN    | M      | SALESMAN            | 7698 | 1981-02-20 | 1600 |  300 |     30 |       4 | ALWAYS TESTE | sales@2017 | 7032300096 |        1 |
|  7521 | WARD     | M      | SALESMAN            | 7698 | 1981-02-22 | 1250 |  500 |     30 |       1 | WARD         | sales@2017 | 7132300034 |        1 |
|  7566 | JONES    | M      | MANAGER             | 7839 | 1981-04-02 | 2975 | NULL |     20 |       4 | HONEYCOMB    | a12recmpm  | 7132300039 |        1 |
|  7654 | MARTIN   | M      | SALESMAN            | 7698 | 1981-09-28 | 1250 | 1400 |     30 |       6 | LIFE RACER   | sales@2017 | 7132300050 |        1 |
|  7698 | BLAKE    | M      | MANAGER             | 7839 | 1981-05-01 | 2850 | NULL |     30 |       1 | BIG BEN      | sales@2017 | 7132300027 |        1 |
|  7782 | CLARK    | M      | MANAGER             | 7839 | 1981-06-09 | 2450 | NULL |     10 |       3 | CLARK        | r50mpm     | 7032300001 |        1 |
|  7788 | SCOTT    | M      | ANALYST             | 7566 | 1982-12-09 | 3000 | NULL |     20 |       3 | WHITE SAND   | a12recmpm  | NULL       |        1 |
|  7839 | KING     | M      | PRESIDENT           | NULL | 1981-11-17 | 5000 | NULL |     10 |       1 | KING         | r50mpm     | 7132300081 |        1 |
|  7840 | FRED     | M      | vice PRESIDENT      | 7839 | 1983-08-09 | 5000 | NULL |     20 |       1 | SAND STONE   | a12recmpm  | NULL       |        1 |
|  7844 | TURNER   | M      | SALESMAN            | 7698 | 1981-09-08 | 1500 |    0 |     30 |       5 | SAND DUST    | sales@2017 | NULL       |        1 |
|  7876 | ADAMS    | M      | CLERK               | 7788 | 1983-01-12 | 1100 | NULL |     20 |       1 | CRAZY ANYONE | a12recmpm  | 7132300086 |        1 |
|  7900 | JAMES    | M      | CLERK               | 7698 | 1981-12-03 |  950 | NULL |     30 |       2 | CRAZY LEADER | sales@2017 | 7132300042 |        1 |
|  7902 | FORD     | M      | ANALYST             | 7566 | 1981-12-03 | 3000 | NULL |     20 |       4 | CONBRIO      | a12recmpm  | NULL       |        0 |
|  7919 | HOFFMAN  | M      | MANAGER             | 7566 | 1982-03-24 | 4150 | NULL |     30 |       3 | INTERVAL     | sales@2017 | NULL       |        1 |
|  7920 | GRASS    | M      | SALESMAN            | 7919 | 1980-02-14 | 2575 | 2700 |     30 |       5 | GRASS        | sales@2017 | NULL       |        1 |
|  7934 | MILLER   | M      | CLERK               | 7782 | 1982-01-23 | 1300 | NULL |     10 |       2 | QUARTERNOTE  | r50mpm     | 7132300055 |        0 |
|  7945 | AARUSH   | M      | SALESMAN            | 7902 | 1980-02-14 | 1350 | 2700 |     30 |    NULL | AARUSH       | ABCDEF     | NULL       |        0 |
|  7949 | ALEX     | M      | MANAGER             | 7698 | 1982-01-24 | 1250 |  500 |     30 |       5 | QUARTERREST  | sales@2017 | 7156567183 |        1 |
|  8433 | NATASHA  | F      | CLERK               | 7920 | 1981-07-19 | 1750 | NULL |     30 |       1 | NATASHA      | sales@2017 | NULL       |        1 |
|  9400 | SANGITA  | F      | Compliance officers | 7920 | 1981-07-19 | 1750 | NULL |     50 |       1 | SANGITA      | NULL       | NULL       |        1 |
|  9473 | SUPRIYA  | F      | ANALYST             | 7920 | 1981-07-19 | 1750 | NULL |     50 |       1 | SUPRIYA      | XYZ@1234   | NULL       |        1 |
+-------+----------+--------+---------------------+------+------------+------+------+--------+---------+--------------+------------+------------+----------+
28 rows in set (0.00 sec)

mysql> SELECT * FROM emp WHERE IN (10, 20);
ERROR 1064 (42000): You have an error in your SQL syntax; check the manual that corresponds to your MySQL server version for the right syntax to use near 'IN (10, 20)' at line 1
mysql> SELECT * FROM emp WHERE deptno IN (10, 10, 1);
+-------+--------+--------+-----------+------+------------+------+------+--------+---------+-------------+--------+------------+----------+
| EMPNO | ENAME  | GENDER | JOB       | MGR  | HIREDATE   | SAL  | COMM | DEPTNO | BONUSID | USER NAME   | PWD    | PHONE      | isActive |
+-------+--------+--------+-----------+------+------------+------+------+--------+---------+-------------+--------+------------+----------+
|  7415 | AARAV  | M      | CLERK     | 7902 | 1981-12-31 | 3350 | NULL |     10 |    NULL | AARAV       | NULL   | 7032300084 |        0 |
|  7421 | THOMAS | M      | CLERK     | 7920 | 1981-07-19 | 1750 | NULL |     10 |       1 | THOMAS      | r50mpm | 7032300011 |        0 |
|  7782 | CLARK  | M      | MANAGER   | 7839 | 1981-06-09 | 2450 | NULL |     10 |       3 | CLARK       | r50mpm | 7032300001 |        1 |
|  7839 | KING   | M      | PRESIDENT | NULL | 1981-11-17 | 5000 | NULL |     10 |       1 | KING        | r50mpm | 7132300081 |        1 |
|  7934 | MILLER | M      | CLERK     | 7782 | 1982-01-23 | 1300 | NULL |     10 |       2 | QUARTERNOTE | r50mpm | 7132300055 |        0 |
+-------+--------+--------+-----------+------+------------+------+------+--------+---------+-------------+--------+------------+----------+
5 rows in set (0.00 sec)

mysql> SELECT * FROM emp WHERE deptno IN (10, 20, 1);
+-------+---------+--------+-----------------+------+------------+------+------+--------+---------+--------------+-----------+------------+----------+
| EMPNO | ENAME   | GENDER | JOB             | MGR  | HIREDATE   | SAL  | COMM | DEPTNO | BONUSID | USER NAME    | PWD       | PHONE      | isActive |
+-------+---------+--------+-----------------+------+------------+------+------+--------+---------+--------------+-----------+------------+----------+
|  6473 | SHARMIN | F      | Public Relation | 7920 | 1981-07-19 | 1750 | NULL |     20 |       1 | SHARMIN      | a12recmpm | NULL       |        1 |
|  6781 | BANDISH | F      | Public Relation | 7920 | 1981-07-19 | 1750 | NULL |     20 |       1 | BANDISH      | a12recmpm | NULL       |        1 |
|  7369 | SMITH   | M      | CLERK           | 7902 | 1980-12-17 |  800 | NULL |     20 |       2 | TRITONE      | a12recmpm | 7032300023 |        0 |
|  7415 | AARAV   | M      | CLERK           | 7902 | 1981-12-31 | 3350 | NULL |     10 |    NULL | AARAV        | NULL      | 7032300084 |        0 |
|  7421 | THOMAS  | M      | CLERK           | 7920 | 1981-07-19 | 1750 | NULL |     10 |       1 | THOMAS       | r50mpm    | 7032300011 |        0 |
|  7566 | JONES   | M      | MANAGER         | 7839 | 1981-04-02 | 2975 | NULL |     20 |       4 | HONEYCOMB    | a12recmpm | 7132300039 |        1 |
|  7782 | CLARK   | M      | MANAGER         | 7839 | 1981-06-09 | 2450 | NULL |     10 |       3 | CLARK        | r50mpm    | 7032300001 |        1 |
|  7788 | SCOTT   | M      | ANALYST         | 7566 | 1982-12-09 | 3000 | NULL |     20 |       3 | WHITE SAND   | a12recmpm | NULL       |        1 |
|  7839 | KING    | M      | PRESIDENT       | NULL | 1981-11-17 | 5000 | NULL |     10 |       1 | KING         | r50mpm    | 7132300081 |        1 |
|  7840 | FRED    | M      | vice PRESIDENT  | 7839 | 1983-08-09 | 5000 | NULL |     20 |       1 | SAND STONE   | a12recmpm | NULL       |        1 |
|  7876 | ADAMS   | M      | CLERK           | 7788 | 1983-01-12 | 1100 | NULL |     20 |       1 | CRAZY ANYONE | a12recmpm | 7132300086 |        1 |
|  7902 | FORD    | M      | ANALYST         | 7566 | 1981-12-03 | 3000 | NULL |     20 |       4 | CONBRIO      | a12recmpm | NULL       |        0 |
|  7934 | MILLER  | M      | CLERK           | 7782 | 1982-01-23 | 1300 | NULL |     10 |       2 | QUARTERNOTE  | r50mpm    | 7132300055 |        0 |
+-------+---------+--------+-----------------+------+------------+------+------+--------+---------+--------------+-----------+------------+----------+
13 rows in set (0.00 sec)

mysql> SELECT * FROM emp WHERE deptno IN (10, 20);
+-------+---------+--------+-----------------+------+------------+------+------+--------+---------+--------------+-----------+------------+----------+
| EMPNO | ENAME   | GENDER | JOB             | MGR  | HIREDATE   | SAL  | COMM | DEPTNO | BONUSID | USER NAME    | PWD       | PHONE      | isActive |
+-------+---------+--------+-----------------+------+------------+------+------+--------+---------+--------------+-----------+------------+----------+
|  7415 | AARAV   | M      | CLERK           | 7902 | 1981-12-31 | 3350 | NULL |     10 |    NULL | AARAV        | NULL      | 7032300084 |        0 |
|  7421 | THOMAS  | M      | CLERK           | 7920 | 1981-07-19 | 1750 | NULL |     10 |       1 | THOMAS       | r50mpm    | 7032300011 |        0 |
|  7782 | CLARK   | M      | MANAGER         | 7839 | 1981-06-09 | 2450 | NULL |     10 |       3 | CLARK        | r50mpm    | 7032300001 |        1 |
|  7839 | KING    | M      | PRESIDENT       | NULL | 1981-11-17 | 5000 | NULL |     10 |       1 | KING         | r50mpm    | 7132300081 |        1 |
|  7934 | MILLER  | M      | CLERK           | 7782 | 1982-01-23 | 1300 | NULL |     10 |       2 | QUARTERNOTE  | r50mpm    | 7132300055 |        0 |
|  6473 | SHARMIN | F      | Public Relation | 7920 | 1981-07-19 | 1750 | NULL |     20 |       1 | SHARMIN      | a12recmpm | NULL       |        1 |
|  6781 | BANDISH | F      | Public Relation | 7920 | 1981-07-19 | 1750 | NULL |     20 |       1 | BANDISH      | a12recmpm | NULL       |        1 |
|  7369 | SMITH   | M      | CLERK           | 7902 | 1980-12-17 |  800 | NULL |     20 |       2 | TRITONE      | a12recmpm | 7032300023 |        0 |
|  7566 | JONES   | M      | MANAGER         | 7839 | 1981-04-02 | 2975 | NULL |     20 |       4 | HONEYCOMB    | a12recmpm | 7132300039 |        1 |
|  7788 | SCOTT   | M      | ANALYST         | 7566 | 1982-12-09 | 3000 | NULL |     20 |       3 | WHITE SAND   | a12recmpm | NULL       |        1 |
|  7840 | FRED    | M      | vice PRESIDENT  | 7839 | 1983-08-09 | 5000 | NULL |     20 |       1 | SAND STONE   | a12recmpm | NULL       |        1 |
|  7876 | ADAMS   | M      | CLERK           | 7788 | 1983-01-12 | 1100 | NULL |     20 |       1 | CRAZY ANYONE | a12recmpm | 7132300086 |        1 |
|  7902 | FORD    | M      | ANALYST         | 7566 | 1981-12-03 | 3000 | NULL |     20 |       4 | CONBRIO      | a12recmpm | NULL       |        0 |
+-------+---------+--------+-----------------+------+------------+------+------+--------+---------+--------------+-----------+------------+----------+
13 rows in set (0.00 sec)

mysql> SELECT * FROM emp WHERE deptno IN (10, 20, 0);
+-------+---------+--------+-----------------+------+------------+------+------+--------+---------+--------------+-----------+------------+----------+
| EMPNO | ENAME   | GENDER | JOB             | MGR  | HIREDATE   | SAL  | COMM | DEPTNO | BONUSID | USER NAME    | PWD       | PHONE      | isActive |
+-------+---------+--------+-----------------+------+------------+------+------+--------+---------+--------------+-----------+------------+----------+
|  6473 | SHARMIN | F      | Public Relation | 7920 | 1981-07-19 | 1750 | NULL |     20 |       1 | SHARMIN      | a12recmpm | NULL       |        1 |
|  6781 | BANDISH | F      | Public Relation | 7920 | 1981-07-19 | 1750 | NULL |     20 |       1 | BANDISH      | a12recmpm | NULL       |        1 |
|  7369 | SMITH   | M      | CLERK           | 7902 | 1980-12-17 |  800 | NULL |     20 |       2 | TRITONE      | a12recmpm | 7032300023 |        0 |
|  7415 | AARAV   | M      | CLERK           | 7902 | 1981-12-31 | 3350 | NULL |     10 |    NULL | AARAV        | NULL      | 7032300084 |        0 |
|  7421 | THOMAS  | M      | CLERK           | 7920 | 1981-07-19 | 1750 | NULL |     10 |       1 | THOMAS       | r50mpm    | 7032300011 |        0 |
|  7566 | JONES   | M      | MANAGER         | 7839 | 1981-04-02 | 2975 | NULL |     20 |       4 | HONEYCOMB    | a12recmpm | 7132300039 |        1 |
|  7782 | CLARK   | M      | MANAGER         | 7839 | 1981-06-09 | 2450 | NULL |     10 |       3 | CLARK        | r50mpm    | 7032300001 |        1 |
|  7788 | SCOTT   | M      | ANALYST         | 7566 | 1982-12-09 | 3000 | NULL |     20 |       3 | WHITE SAND   | a12recmpm | NULL       |        1 |
|  7839 | KING    | M      | PRESIDENT       | NULL | 1981-11-17 | 5000 | NULL |     10 |       1 | KING         | r50mpm    | 7132300081 |        1 |
|  7840 | FRED    | M      | vice PRESIDENT  | 7839 | 1983-08-09 | 5000 | NULL |     20 |       1 | SAND STONE   | a12recmpm | NULL       |        1 |
|  7876 | ADAMS   | M      | CLERK           | 7788 | 1983-01-12 | 1100 | NULL |     20 |       1 | CRAZY ANYONE | a12recmpm | 7132300086 |        1 |
|  7902 | FORD    | M      | ANALYST         | 7566 | 1981-12-03 | 3000 | NULL |     20 |       4 | CONBRIO      | a12recmpm | NULL       |        0 |
|  7934 | MILLER  | M      | CLERK           | 7782 | 1982-01-23 | 1300 | NULL |     10 |       2 | QUARTERNOTE  | r50mpm    | 7132300055 |        0 |
+-------+---------+--------+-----------------+------+------------+------+------+--------+---------+--------------+-----------+------------+----------+
13 rows in set (0.00 sec)

mysql> SELECT * FROM emp WHERE deptno IN (10, 20, 30);
+-------+---------+--------+---------------------+------+------------+------+------+--------+---------+--------------+------------+------------+----------+
| EMPNO | ENAME   | GENDER | JOB                 | MGR  | HIREDATE   | SAL  | COMM | DEPTNO | BONUSID | USER NAME    | PWD        | PHONE      | isActive |
+-------+---------+--------+---------------------+------+------------+------+------+--------+---------+--------------+------------+------------+----------+
|  6001 | GITA    | F      | Compliance officers | 7920 | 1981-07-19 | 1750 | NULL |     30 |       1 | GITA         | sales@2017 | NULL       |        1 |
|  6473 | SHARMIN | F      | Public Relation     | 7920 | 1981-07-19 | 1750 | NULL |     20 |       1 | SHARMIN      | a12recmpm  | NULL       |        1 |
|  6781 | BANDISH | F      | Public Relation     | 7920 | 1981-07-19 | 1750 | NULL |     20 |       1 | BANDISH      | a12recmpm  | NULL       |        1 |
|  7369 | SMITH   | M      | CLERK               | 7902 | 1980-12-17 |  800 | NULL |     20 |       2 | TRITONE      | a12recmpm  | 7032300023 |        0 |
|  7415 | AARAV   | M      | CLERK               | 7902 | 1981-12-31 | 3350 | NULL |     10 |    NULL | AARAV        | NULL       | 7032300084 |        0 |
|  7421 | THOMAS  | M      | CLERK               | 7920 | 1981-07-19 | 1750 | NULL |     10 |       1 | THOMAS       | r50mpm     | 7032300011 |        0 |
|  7499 | ALLEN   | M      | SALESMAN            | 7698 | 1981-02-20 | 1600 |  300 |     30 |       4 | ALWAYS TESTE | sales@2017 | 7032300096 |        1 |
|  7521 | WARD    | M      | SALESMAN            | 7698 | 1981-02-22 | 1250 |  500 |     30 |       1 | WARD         | sales@2017 | 7132300034 |        1 |
|  7566 | JONES   | M      | MANAGER             | 7839 | 1981-04-02 | 2975 | NULL |     20 |       4 | HONEYCOMB    | a12recmpm  | 7132300039 |        1 |
|  7654 | MARTIN  | M      | SALESMAN            | 7698 | 1981-09-28 | 1250 | 1400 |     30 |       6 | LIFE RACER   | sales@2017 | 7132300050 |        1 |
|  7698 | BLAKE   | M      | MANAGER             | 7839 | 1981-05-01 | 2850 | NULL |     30 |       1 | BIG BEN      | sales@2017 | 7132300027 |        1 |
|  7782 | CLARK   | M      | MANAGER             | 7839 | 1981-06-09 | 2450 | NULL |     10 |       3 | CLARK        | r50mpm     | 7032300001 |        1 |
|  7788 | SCOTT   | M      | ANALYST             | 7566 | 1982-12-09 | 3000 | NULL |     20 |       3 | WHITE SAND   | a12recmpm  | NULL       |        1 |
|  7839 | KING    | M      | PRESIDENT           | NULL | 1981-11-17 | 5000 | NULL |     10 |       1 | KING         | r50mpm     | 7132300081 |        1 |
|  7840 | FRED    | M      | vice PRESIDENT      | 7839 | 1983-08-09 | 5000 | NULL |     20 |       1 | SAND STONE   | a12recmpm  | NULL       |        1 |
|  7844 | TURNER  | M      | SALESMAN            | 7698 | 1981-09-08 | 1500 |    0 |     30 |       5 | SAND DUST    | sales@2017 | NULL       |        1 |
|  7876 | ADAMS   | M      | CLERK               | 7788 | 1983-01-12 | 1100 | NULL |     20 |       1 | CRAZY ANYONE | a12recmpm  | 7132300086 |        1 |
|  7900 | JAMES   | M      | CLERK               | 7698 | 1981-12-03 |  950 | NULL |     30 |       2 | CRAZY LEADER | sales@2017 | 7132300042 |        1 |
|  7902 | FORD    | M      | ANALYST             | 7566 | 1981-12-03 | 3000 | NULL |     20 |       4 | CONBRIO      | a12recmpm  | NULL       |        0 |
|  7919 | HOFFMAN | M      | MANAGER             | 7566 | 1982-03-24 | 4150 | NULL |     30 |       3 | INTERVAL     | sales@2017 | NULL       |        1 |
|  7920 | GRASS   | M      | SALESMAN            | 7919 | 1980-02-14 | 2575 | 2700 |     30 |       5 | GRASS        | sales@2017 | NULL       |        1 |
|  7934 | MILLER  | M      | CLERK               | 7782 | 1982-01-23 | 1300 | NULL |     10 |       2 | QUARTERNOTE  | r50mpm     | 7132300055 |        0 |
|  7945 | AARUSH  | M      | SALESMAN            | 7902 | 1980-02-14 | 1350 | 2700 |     30 |    NULL | AARUSH       | ABCDEF     | NULL       |        0 |
|  7949 | ALEX    | M      | MANAGER             | 7698 | 1982-01-24 | 1250 |  500 |     30 |       5 | QUARTERREST  | sales@2017 | 7156567183 |        1 |
|  8433 | NATASHA | F      | CLERK               | 7920 | 1981-07-19 | 1750 | NULL |     30 |       1 | NATASHA      | sales@2017 | NULL       |        1 |
+-------+---------+--------+---------------------+------+------------+------+------+--------+---------+--------------+------------+------------+----------+
25 rows in set (0.00 sec)

mysql> SELECT * FROM emp WHERE 7788 IN (empno, mgr);
+-------+-------+--------+---------+------+------------+------+------+--------+---------+--------------+-----------+------------+----------+
| EMPNO | ENAME | GENDER | JOB     | MGR  | HIREDATE   | SAL  | COMM | DEPTNO | BONUSID | USER NAME    | PWD       | PHONE      | isActive |
+-------+-------+--------+---------+------+------------+------+------+--------+---------+--------------+-----------+------------+----------+
|  7788 | SCOTT | M      | ANALYST | 7566 | 1982-12-09 | 3000 | NULL |     20 |       3 | WHITE SAND   | a12recmpm | NULL       |        1 |
|  7876 | ADAMS | M      | CLERK   | 7788 | 1983-01-12 | 1100 | NULL |     20 |       1 | CRAZY ANYONE | a12recmpm | 7132300086 |        1 |
+-------+-------+--------+---------+------+------------+------+------+--------+---------+--------------+-----------+------------+----------+
2 rows in set (0.00 sec)

mysql> SELECT * FROM emp WHERE 1 IN (10, 20, True, False);
+-------+----------+--------+---------------------+------+------------+------+------+--------+---------+--------------+------------+------------+----------+
| EMPNO | ENAME    | GENDER | JOB                 | MGR  | HIREDATE   | SAL  | COMM | DEPTNO | BONUSID | USER NAME    | PWD        | PHONE      | isActive |
+-------+----------+--------+---------------------+------+------------+------+------+--------+---------+--------------+------------+------------+----------+
|  6001 | GITA     | F      | Compliance officers | 7920 | 1981-07-19 | 1750 | NULL |     30 |       1 | GITA         | sales@2017 | NULL       |        1 |
|  6129 | VRUSHALI | F      | Compliance officers | 7920 | 1981-07-19 | 1750 | NULL |     50 |       1 | VRUSHALI     | PUN@8877   | NULL       |        1 |
|  6473 | SHARMIN  | F      | Public Relation     | 7920 | 1981-07-19 | 1750 | NULL |     20 |       1 | SHARMIN      | a12recmpm  | NULL       |        1 |
|  6781 | BANDISH  | F      | Public Relation     | 7920 | 1981-07-19 | 1750 | NULL |     20 |       1 | BANDISH      | a12recmpm  | NULL       |        1 |
|  7369 | SMITH    | M      | CLERK               | 7902 | 1980-12-17 |  800 | NULL |     20 |       2 | TRITONE      | a12recmpm  | 7032300023 |        0 |
|  7415 | AARAV    | M      | CLERK               | 7902 | 1981-12-31 | 3350 | NULL |     10 |    NULL | AARAV        | NULL       | 7032300084 |        0 |
|  7421 | THOMAS   | M      | CLERK               | 7920 | 1981-07-19 | 1750 | NULL |     10 |       1 | THOMAS       | r50mpm     | 7032300011 |        0 |
|  7499 | ALLEN    | M      | SALESMAN            | 7698 | 1981-02-20 | 1600 |  300 |     30 |       4 | ALWAYS TESTE | sales@2017 | 7032300096 |        1 |
|  7521 | WARD     | M      | SALESMAN            | 7698 | 1981-02-22 | 1250 |  500 |     30 |       1 | WARD         | sales@2017 | 7132300034 |        1 |
|  7566 | JONES    | M      | MANAGER             | 7839 | 1981-04-02 | 2975 | NULL |     20 |       4 | HONEYCOMB    | a12recmpm  | 7132300039 |        1 |
|  7654 | MARTIN   | M      | SALESMAN            | 7698 | 1981-09-28 | 1250 | 1400 |     30 |       6 | LIFE RACER   | sales@2017 | 7132300050 |        1 |
|  7698 | BLAKE    | M      | MANAGER             | 7839 | 1981-05-01 | 2850 | NULL |     30 |       1 | BIG BEN      | sales@2017 | 7132300027 |        1 |
|  7782 | CLARK    | M      | MANAGER             | 7839 | 1981-06-09 | 2450 | NULL |     10 |       3 | CLARK        | r50mpm     | 7032300001 |        1 |
|  7788 | SCOTT    | M      | ANALYST             | 7566 | 1982-12-09 | 3000 | NULL |     20 |       3 | WHITE SAND   | a12recmpm  | NULL       |        1 |
|  7839 | KING     | M      | PRESIDENT           | NULL | 1981-11-17 | 5000 | NULL |     10 |       1 | KING         | r50mpm     | 7132300081 |        1 |
|  7840 | FRED     | M      | vice PRESIDENT      | 7839 | 1983-08-09 | 5000 | NULL |     20 |       1 | SAND STONE   | a12recmpm  | NULL       |        1 |
|  7844 | TURNER   | M      | SALESMAN            | 7698 | 1981-09-08 | 1500 |    0 |     30 |       5 | SAND DUST    | sales@2017 | NULL       |        1 |
|  7876 | ADAMS    | M      | CLERK               | 7788 | 1983-01-12 | 1100 | NULL |     20 |       1 | CRAZY ANYONE | a12recmpm  | 7132300086 |        1 |
|  7900 | JAMES    | M      | CLERK               | 7698 | 1981-12-03 |  950 | NULL |     30 |       2 | CRAZY LEADER | sales@2017 | 7132300042 |        1 |
|  7902 | FORD     | M      | ANALYST             | 7566 | 1981-12-03 | 3000 | NULL |     20 |       4 | CONBRIO      | a12recmpm  | NULL       |        0 |
|  7919 | HOFFMAN  | M      | MANAGER             | 7566 | 1982-03-24 | 4150 | NULL |     30 |       3 | INTERVAL     | sales@2017 | NULL       |        1 |
|  7920 | GRASS    | M      | SALESMAN            | 7919 | 1980-02-14 | 2575 | 2700 |     30 |       5 | GRASS        | sales@2017 | NULL       |        1 |
|  7934 | MILLER   | M      | CLERK               | 7782 | 1982-01-23 | 1300 | NULL |     10 |       2 | QUARTERNOTE  | r50mpm     | 7132300055 |        0 |
|  7945 | AARUSH   | M      | SALESMAN            | 7902 | 1980-02-14 | 1350 | 2700 |     30 |    NULL | AARUSH       | ABCDEF     | NULL       |        0 |
|  7949 | ALEX     | M      | MANAGER             | 7698 | 1982-01-24 | 1250 |  500 |     30 |       5 | QUARTERREST  | sales@2017 | 7156567183 |        1 |
|  8433 | NATASHA  | F      | CLERK               | 7920 | 1981-07-19 | 1750 | NULL |     30 |       1 | NATASHA      | sales@2017 | NULL       |        1 |
|  9400 | SANGITA  | F      | Compliance officers | 7920 | 1981-07-19 | 1750 | NULL |     50 |       1 | SANGITA      | NULL       | NULL       |        1 |
|  9473 | SUPRIYA  | F      | ANALYST             | 7920 | 1981-07-19 | 1750 | NULL |     50 |       1 | SUPRIYA      | XYZ@1234   | NULL       |        1 |
+-------+----------+--------+---------------------+------+------------+------+------+--------+---------+--------------+------------+------------+----------+
28 rows in set (0.00 sec)

mysql> SELECT * FROM salespeople WHERE FORMAT(comm, 2) > 0.1 AND FORMAT(comm, 2) < 0.26;
+------+---------+----------+------+
| SNUM | SNAME   | CITY     | COMM |
+------+---------+----------+------+
| 1001 | Rajan   | London   | 0.12 |
| 1002 | Natasha | San Jose | 0.13 |
| 1004 | Monika  | London   | 0.11 |
| 1007 | James   | Derby    | 0.15 |
| 1008 | Cooper  | Wells    | 0.19 |
+------+---------+----------+------+
5 rows in set (0.00 sec)

mysql> SELECT * FROM salespeople WHERE FORMAT(comm, 3) > 0.1 AND FORMAT(comm, 2) < 0.26;
+------+---------+----------+------+
| SNUM | SNAME   | CITY     | COMM |
+------+---------+----------+------+
| 1001 | Rajan   | London   | 0.12 |
| 1002 | Natasha | San Jose | 0.13 |
| 1004 | Monika  | London   | 0.11 |
| 1007 | James   | Derby    | 0.15 |
| 1008 | Cooper  | Wells    | 0.19 |
+------+---------+----------+------+
5 rows in set (0.00 sec)

mysql> SELECT * FROM salespeople WHERE FORMAT(comm, 3) > 0.1 AND FORMAT(comm, 3) < 0.26;
+------+---------+----------+------+
| SNUM | SNAME   | CITY     | COMM |
+------+---------+----------+------+
| 1001 | Rajan   | London   | 0.12 |
| 1002 | Natasha | San Jose | 0.13 |
| 1004 | Monika  | London   | 0.11 |
| 1007 | James   | Derby    | 0.15 |
| 1008 | Cooper  | Wells    | 0.19 |
+------+---------+----------+------+
5 rows in set (0.00 sec)

mysql> SELECT * FROM salespeople WHERE FORMAT(comm) > 0.1 AND FORMAT(comm) < 0.26;
ERROR 1064 (42000): You have an error in your SQL syntax; check the manual that corresponds to your MySQL server version for the right syntax to use near ') > 0.1 AND FORMAT(comm) < 0.26' at line 1
mysql> SELECT * FROM salespeople WHERE FORMAT(comm, 1) > 0.1 AND FORMAT(comm, 1) < 0.26;
+------+--------+-------+------+
| SNUM | SNAME  | CITY  | COMM |
+------+--------+-------+------+
| 1007 | James  | Derby | 0.15 |
| 1008 | Cooper | Wells | 0.19 |
+------+--------+-------+------+
2 rows in set (0.00 sec)

mysql> SELECT * FROM salespeople WHERE FORMAT(comm, 2) > 0.1;
+------+---------+----------+------+
| SNUM | SNAME   | CITY     | COMM |
+------+---------+----------+------+
| 1001 | Rajan   | London   | 0.12 |
| 1002 | Natasha | San Jose | 0.13 |
| 1004 | Monika  | London   | 0.11 |
| 1005 | Moor    | London   | 0.26 |
| 1006 | Jack    | Leeds    | 0.26 |
| 1007 | James   | Derby    | 0.15 |
| 1008 | Cooper  | Wells    | 0.19 |
| 1009 | Leo     | Wells    | 0.26 |
+------+---------+----------+------+
8 rows in set (0.00 sec)

mysql> table salespeople;
+------+---------+----------+------+
| SNUM | SNAME   | CITY     | COMM |
+------+---------+----------+------+
| 1001 | Rajan   | London   | 0.12 |
| 1002 | Natasha | San Jose | 0.13 |
| 1003 | Alax    | New York |  0.1 |
| 1004 | Monika  | London   | 0.11 |
| 1005 | Moor    | London   | 0.26 |
| 1006 | Jack    | Leeds    | 0.26 |
| 1007 | James   | Derby    | 0.15 |
| 1008 | Cooper  | Wells    | 0.19 |
| 1009 | Leo     | Wells    | 0.26 |
+------+---------+----------+------+
9 rows in set (0.00 sec)

mysql> SELECT format(now(),2)'
    '> ;
    '> ^C
mysql> SELECT format(now(),2);
+-----------------------+
| format(now(),2)       |
+-----------------------+
| 20,220,613,215,905.00 |
+-----------------------+
1 row in set (0.00 sec)

mysql> now();
ERROR 1064 (42000): You have an error in your SQL syntax; check the manual that corresponds to your MySQL server version for the right syntax to use near 'now()' at line 1
mysql> SELECT format(now(),3);
+------------------------+
| format(now(),3)        |
+------------------------+
| 20,220,613,220,258.000 |
+------------------------+
1 row in set (0.00 sec)

mysql> SELECT * FROM salespeople WHERE FORMAT(comm, 2);
+------+---------+----------+------+
| SNUM | SNAME   | CITY     | COMM |
+------+---------+----------+------+
| 1001 | Rajan   | London   | 0.12 |
| 1002 | Natasha | San Jose | 0.13 |
| 1003 | Alax    | New York |  0.1 |
| 1004 | Monika  | London   | 0.11 |
| 1005 | Moor    | London   | 0.26 |
| 1006 | Jack    | Leeds    | 0.26 |
| 1007 | James   | Derby    | 0.15 |
| 1008 | Cooper  | Wells    | 0.19 |
| 1009 | Leo     | Wells    | 0.26 |
+------+---------+----------+------+
9 rows in set (0.00 sec)

mysql> SELECT empno, ename, job, hiredate, sal, comm, deptno, isactive FROM emp WHERE sal BETWEEN 1000 AND 3000;
+-------+----------+---------------------+------------+------+------+--------+----------+
| empno | ename    | job                 | hiredate   | sal  | comm | deptno | isactive |
+-------+----------+---------------------+------------+------+------+--------+----------+
|  6001 | GITA     | Compliance officers | 1981-07-19 | 1750 | NULL |     30 |        1 |
|  6129 | VRUSHALI | Compliance officers | 1981-07-19 | 1750 | NULL |     50 |        1 |
|  6473 | SHARMIN  | Public Relation     | 1981-07-19 | 1750 | NULL |     20 |        1 |
|  6781 | BANDISH  | Public Relation     | 1981-07-19 | 1750 | NULL |     20 |        1 |
|  7421 | THOMAS   | CLERK               | 1981-07-19 | 1750 | NULL |     10 |        0 |
|  7499 | ALLEN    | SALESMAN            | 1981-02-20 | 1600 |  300 |     30 |        1 |
|  7521 | WARD     | SALESMAN            | 1981-02-22 | 1250 |  500 |     30 |        1 |
|  7566 | JONES    | MANAGER             | 1981-04-02 | 2975 | NULL |     20 |        1 |
|  7654 | MARTIN   | SALESMAN            | 1981-09-28 | 1250 | 1400 |     30 |        1 |
|  7698 | BLAKE    | MANAGER             | 1981-05-01 | 2850 | NULL |     30 |        1 |
|  7782 | CLARK    | MANAGER             | 1981-06-09 | 2450 | NULL |     10 |        1 |
|  7788 | SCOTT    | ANALYST             | 1982-12-09 | 3000 | NULL |     20 |        1 |
|  7844 | TURNER   | SALESMAN            | 1981-09-08 | 1500 |    0 |     30 |        1 |
|  7876 | ADAMS    | CLERK               | 1983-01-12 | 1100 | NULL |     20 |        1 |
|  7902 | FORD     | ANALYST             | 1981-12-03 | 3000 | NULL |     20 |        0 |
|  7920 | GRASS    | SALESMAN            | 1980-02-14 | 2575 | 2700 |     30 |        1 |
|  7934 | MILLER   | CLERK               | 1982-01-23 | 1300 | NULL |     10 |        0 |
|  7945 | AARUSH   | SALESMAN            | 1980-02-14 | 1350 | 2700 |     30 |        0 |
|  7949 | ALEX     | MANAGER             | 1982-01-24 | 1250 |  500 |     30 |        1 |
|  8433 | NATASHA  | CLERK               | 1981-07-19 | 1750 | NULL |     30 |        1 |
|  9400 | SANGITA  | Compliance officers | 1981-07-19 | 1750 | NULL |     50 |        1 |
|  9473 | SUPRIYA  | ANALYST             | 1981-07-19 | 1750 | NULL |     50 |        1 |
+-------+----------+---------------------+------------+------+------+--------+----------+
22 rows in set (0.00 sec)

mysql> SELECT empno, ename,sal FROM emp WHERE sal BETWEEN 1000 AND 3000;
+-------+----------+------+
| empno | ename    | sal  |
+-------+----------+------+
|  6001 | GITA     | 1750 |
|  6129 | VRUSHALI | 1750 |
|  6473 | SHARMIN  | 1750 |
|  6781 | BANDISH  | 1750 |
|  7421 | THOMAS   | 1750 |
|  7499 | ALLEN    | 1600 |
|  7521 | WARD     | 1250 |
|  7566 | JONES    | 2975 |
|  7654 | MARTIN   | 1250 |
|  7698 | BLAKE    | 2850 |
|  7782 | CLARK    | 2450 |
|  7788 | SCOTT    | 3000 |
|  7844 | TURNER   | 1500 |
|  7876 | ADAMS    | 1100 |
|  7902 | FORD     | 3000 |
|  7920 | GRASS    | 2575 |
|  7934 | MILLER   | 1300 |
|  7945 | AARUSH   | 1350 |
|  7949 | ALEX     | 1250 |
|  8433 | NATASHA  | 1750 |
|  9400 | SANGITA  | 1750 |
|  9473 | SUPRIYA  | 1750 |
+-------+----------+------+
22 rows in set (0.00 sec)

mysql> select emp;
ERROR 1054 (42S22): Unknown column 'emp' in 'field list'
mysql> SELECT * FROM emp WHERE True LIKE '1';
+-------+----------+--------+---------------------+------+------------+------+------+--------+---------+--------------+------------+------------+----------+
| EMPNO | ENAME    | GENDER | JOB                 | MGR  | HIREDATE   | SAL  | COMM | DEPTNO | BONUSID | USER NAME    | PWD        | PHONE      | isActive |
+-------+----------+--------+---------------------+------+------------+------+------+--------+---------+--------------+------------+------------+----------+
|  6001 | GITA     | F      | Compliance officers | 7920 | 1981-07-19 | 1750 | NULL |     30 |       1 | GITA         | sales@2017 | NULL       |        1 |
|  6129 | VRUSHALI | F      | Compliance officers | 7920 | 1981-07-19 | 1750 | NULL |     50 |       1 | VRUSHALI     | PUN@8877   | NULL       |        1 |
|  6473 | SHARMIN  | F      | Public Relation     | 7920 | 1981-07-19 | 1750 | NULL |     20 |       1 | SHARMIN      | a12recmpm  | NULL       |        1 |
|  6781 | BANDISH  | F      | Public Relation     | 7920 | 1981-07-19 | 1750 | NULL |     20 |       1 | BANDISH      | a12recmpm  | NULL       |        1 |
|  7369 | SMITH    | M      | CLERK               | 7902 | 1980-12-17 |  800 | NULL |     20 |       2 | TRITONE      | a12recmpm  | 7032300023 |        0 |
|  7415 | AARAV    | M      | CLERK               | 7902 | 1981-12-31 | 3350 | NULL |     10 |    NULL | AARAV        | NULL       | 7032300084 |        0 |
|  7421 | THOMAS   | M      | CLERK               | 7920 | 1981-07-19 | 1750 | NULL |     10 |       1 | THOMAS       | r50mpm     | 7032300011 |        0 |
|  7499 | ALLEN    | M      | SALESMAN            | 7698 | 1981-02-20 | 1600 |  300 |     30 |       4 | ALWAYS TESTE | sales@2017 | 7032300096 |        1 |
|  7521 | WARD     | M      | SALESMAN            | 7698 | 1981-02-22 | 1250 |  500 |     30 |       1 | WARD         | sales@2017 | 7132300034 |        1 |
|  7566 | JONES    | M      | MANAGER             | 7839 | 1981-04-02 | 2975 | NULL |     20 |       4 | HONEYCOMB    | a12recmpm  | 7132300039 |        1 |
|  7654 | MARTIN   | M      | SALESMAN            | 7698 | 1981-09-28 | 1250 | 1400 |     30 |       6 | LIFE RACER   | sales@2017 | 7132300050 |        1 |
|  7698 | BLAKE    | M      | MANAGER             | 7839 | 1981-05-01 | 2850 | NULL |     30 |       1 | BIG BEN      | sales@2017 | 7132300027 |        1 |
|  7782 | CLARK    | M      | MANAGER             | 7839 | 1981-06-09 | 2450 | NULL |     10 |       3 | CLARK        | r50mpm     | 7032300001 |        1 |
|  7788 | SCOTT    | M      | ANALYST             | 7566 | 1982-12-09 | 3000 | NULL |     20 |       3 | WHITE SAND   | a12recmpm  | NULL       |        1 |
|  7839 | KING     | M      | PRESIDENT           | NULL | 1981-11-17 | 5000 | NULL |     10 |       1 | KING         | r50mpm     | 7132300081 |        1 |
|  7840 | FRED     | M      | vice PRESIDENT      | 7839 | 1983-08-09 | 5000 | NULL |     20 |       1 | SAND STONE   | a12recmpm  | NULL       |        1 |
|  7844 | TURNER   | M      | SALESMAN            | 7698 | 1981-09-08 | 1500 |    0 |     30 |       5 | SAND DUST    | sales@2017 | NULL       |        1 |
|  7876 | ADAMS    | M      | CLERK               | 7788 | 1983-01-12 | 1100 | NULL |     20 |       1 | CRAZY ANYONE | a12recmpm  | 7132300086 |        1 |
|  7900 | JAMES    | M      | CLERK               | 7698 | 1981-12-03 |  950 | NULL |     30 |       2 | CRAZY LEADER | sales@2017 | 7132300042 |        1 |
|  7902 | FORD     | M      | ANALYST             | 7566 | 1981-12-03 | 3000 | NULL |     20 |       4 | CONBRIO      | a12recmpm  | NULL       |        0 |
|  7919 | HOFFMAN  | M      | MANAGER             | 7566 | 1982-03-24 | 4150 | NULL |     30 |       3 | INTERVAL     | sales@2017 | NULL       |        1 |
|  7920 | GRASS    | M      | SALESMAN            | 7919 | 1980-02-14 | 2575 | 2700 |     30 |       5 | GRASS        | sales@2017 | NULL       |        1 |
|  7934 | MILLER   | M      | CLERK               | 7782 | 1982-01-23 | 1300 | NULL |     10 |       2 | QUARTERNOTE  | r50mpm     | 7132300055 |        0 |
|  7945 | AARUSH   | M      | SALESMAN            | 7902 | 1980-02-14 | 1350 | 2700 |     30 |    NULL | AARUSH       | ABCDEF     | NULL       |        0 |
|  7949 | ALEX     | M      | MANAGER             | 7698 | 1982-01-24 | 1250 |  500 |     30 |       5 | QUARTERREST  | sales@2017 | 7156567183 |        1 |
|  8433 | NATASHA  | F      | CLERK               | 7920 | 1981-07-19 | 1750 | NULL |     30 |       1 | NATASHA      | sales@2017 | NULL       |        1 |
|  9400 | SANGITA  | F      | Compliance officers | 7920 | 1981-07-19 | 1750 | NULL |     50 |       1 | SANGITA      | NULL       | NULL       |        1 |
|  9473 | SUPRIYA  | F      | ANALYST             | 7920 | 1981-07-19 | 1750 | NULL |     50 |       1 | SUPRIYA      | XYZ@1234   | NULL       |        1 |
+-------+----------+--------+---------------------+------+------------+------+------+--------+---------+--------------+------------+------------+----------+
28 rows in set (0.00 sec)

mysql> SELECT * FROM emp WHERE True LIKE '1%';
+-------+----------+--------+---------------------+------+------------+------+------+--------+---------+--------------+------------+------------+----------+
| EMPNO | ENAME    | GENDER | JOB                 | MGR  | HIREDATE   | SAL  | COMM | DEPTNO | BONUSID | USER NAME    | PWD        | PHONE      | isActive |
+-------+----------+--------+---------------------+------+------------+------+------+--------+---------+--------------+------------+------------+----------+
|  6001 | GITA     | F      | Compliance officers | 7920 | 1981-07-19 | 1750 | NULL |     30 |       1 | GITA         | sales@2017 | NULL       |        1 |
|  6129 | VRUSHALI | F      | Compliance officers | 7920 | 1981-07-19 | 1750 | NULL |     50 |       1 | VRUSHALI     | PUN@8877   | NULL       |        1 |
|  6473 | SHARMIN  | F      | Public Relation     | 7920 | 1981-07-19 | 1750 | NULL |     20 |       1 | SHARMIN      | a12recmpm  | NULL       |        1 |
|  6781 | BANDISH  | F      | Public Relation     | 7920 | 1981-07-19 | 1750 | NULL |     20 |       1 | BANDISH      | a12recmpm  | NULL       |        1 |
|  7369 | SMITH    | M      | CLERK               | 7902 | 1980-12-17 |  800 | NULL |     20 |       2 | TRITONE      | a12recmpm  | 7032300023 |        0 |
|  7415 | AARAV    | M      | CLERK               | 7902 | 1981-12-31 | 3350 | NULL |     10 |    NULL | AARAV        | NULL       | 7032300084 |        0 |
|  7421 | THOMAS   | M      | CLERK               | 7920 | 1981-07-19 | 1750 | NULL |     10 |       1 | THOMAS       | r50mpm     | 7032300011 |        0 |
|  7499 | ALLEN    | M      | SALESMAN            | 7698 | 1981-02-20 | 1600 |  300 |     30 |       4 | ALWAYS TESTE | sales@2017 | 7032300096 |        1 |
|  7521 | WARD     | M      | SALESMAN            | 7698 | 1981-02-22 | 1250 |  500 |     30 |       1 | WARD         | sales@2017 | 7132300034 |        1 |
|  7566 | JONES    | M      | MANAGER             | 7839 | 1981-04-02 | 2975 | NULL |     20 |       4 | HONEYCOMB    | a12recmpm  | 7132300039 |        1 |
|  7654 | MARTIN   | M      | SALESMAN            | 7698 | 1981-09-28 | 1250 | 1400 |     30 |       6 | LIFE RACER   | sales@2017 | 7132300050 |        1 |
|  7698 | BLAKE    | M      | MANAGER             | 7839 | 1981-05-01 | 2850 | NULL |     30 |       1 | BIG BEN      | sales@2017 | 7132300027 |        1 |
|  7782 | CLARK    | M      | MANAGER             | 7839 | 1981-06-09 | 2450 | NULL |     10 |       3 | CLARK        | r50mpm     | 7032300001 |        1 |
|  7788 | SCOTT    | M      | ANALYST             | 7566 | 1982-12-09 | 3000 | NULL |     20 |       3 | WHITE SAND   | a12recmpm  | NULL       |        1 |
|  7839 | KING     | M      | PRESIDENT           | NULL | 1981-11-17 | 5000 | NULL |     10 |       1 | KING         | r50mpm     | 7132300081 |        1 |
|  7840 | FRED     | M      | vice PRESIDENT      | 7839 | 1983-08-09 | 5000 | NULL |     20 |       1 | SAND STONE   | a12recmpm  | NULL       |        1 |
|  7844 | TURNER   | M      | SALESMAN            | 7698 | 1981-09-08 | 1500 |    0 |     30 |       5 | SAND DUST    | sales@2017 | NULL       |        1 |
|  7876 | ADAMS    | M      | CLERK               | 7788 | 1983-01-12 | 1100 | NULL |     20 |       1 | CRAZY ANYONE | a12recmpm  | 7132300086 |        1 |
|  7900 | JAMES    | M      | CLERK               | 7698 | 1981-12-03 |  950 | NULL |     30 |       2 | CRAZY LEADER | sales@2017 | 7132300042 |        1 |
|  7902 | FORD     | M      | ANALYST             | 7566 | 1981-12-03 | 3000 | NULL |     20 |       4 | CONBRIO      | a12recmpm  | NULL       |        0 |
|  7919 | HOFFMAN  | M      | MANAGER             | 7566 | 1982-03-24 | 4150 | NULL |     30 |       3 | INTERVAL     | sales@2017 | NULL       |        1 |
|  7920 | GRASS    | M      | SALESMAN            | 7919 | 1980-02-14 | 2575 | 2700 |     30 |       5 | GRASS        | sales@2017 | NULL       |        1 |
|  7934 | MILLER   | M      | CLERK               | 7782 | 1982-01-23 | 1300 | NULL |     10 |       2 | QUARTERNOTE  | r50mpm     | 7132300055 |        0 |
|  7945 | AARUSH   | M      | SALESMAN            | 7902 | 1980-02-14 | 1350 | 2700 |     30 |    NULL | AARUSH       | ABCDEF     | NULL       |        0 |
|  7949 | ALEX     | M      | MANAGER             | 7698 | 1982-01-24 | 1250 |  500 |     30 |       5 | QUARTERREST  | sales@2017 | 7156567183 |        1 |
|  8433 | NATASHA  | F      | CLERK               | 7920 | 1981-07-19 | 1750 | NULL |     30 |       1 | NATASHA      | sales@2017 | NULL       |        1 |
|  9400 | SANGITA  | F      | Compliance officers | 7920 | 1981-07-19 | 1750 | NULL |     50 |       1 | SANGITA      | NULL       | NULL       |        1 |
|  9473 | SUPRIYA  | F      | ANALYST             | 7920 | 1981-07-19 | 1750 | NULL |     50 |       1 | SUPRIYA      | XYZ@1234   | NULL       |        1 |
+-------+----------+--------+---------------------+------+------------+------+------+--------+---------+--------------+------------+------------+----------+
28 rows in set (0.00 sec)

mysql> SELECT * FROM emp WHERE True LIKE 001;
+-------+----------+--------+---------------------+------+------------+------+------+--------+---------+--------------+------------+------------+----------+
| EMPNO | ENAME    | GENDER | JOB                 | MGR  | HIREDATE   | SAL  | COMM | DEPTNO | BONUSID | USER NAME    | PWD        | PHONE      | isActive |
+-------+----------+--------+---------------------+------+------------+------+------+--------+---------+--------------+------------+------------+----------+
|  6001 | GITA     | F      | Compliance officers | 7920 | 1981-07-19 | 1750 | NULL |     30 |       1 | GITA         | sales@2017 | NULL       |        1 |
|  6129 | VRUSHALI | F      | Compliance officers | 7920 | 1981-07-19 | 1750 | NULL |     50 |       1 | VRUSHALI     | PUN@8877   | NULL       |        1 |
|  6473 | SHARMIN  | F      | Public Relation     | 7920 | 1981-07-19 | 1750 | NULL |     20 |       1 | SHARMIN      | a12recmpm  | NULL       |        1 |
|  6781 | BANDISH  | F      | Public Relation     | 7920 | 1981-07-19 | 1750 | NULL |     20 |       1 | BANDISH      | a12recmpm  | NULL       |        1 |
|  7369 | SMITH    | M      | CLERK               | 7902 | 1980-12-17 |  800 | NULL |     20 |       2 | TRITONE      | a12recmpm  | 7032300023 |        0 |
|  7415 | AARAV    | M      | CLERK               | 7902 | 1981-12-31 | 3350 | NULL |     10 |    NULL | AARAV        | NULL       | 7032300084 |        0 |
|  7421 | THOMAS   | M      | CLERK               | 7920 | 1981-07-19 | 1750 | NULL |     10 |       1 | THOMAS       | r50mpm     | 7032300011 |        0 |
|  7499 | ALLEN    | M      | SALESMAN            | 7698 | 1981-02-20 | 1600 |  300 |     30 |       4 | ALWAYS TESTE | sales@2017 | 7032300096 |        1 |
|  7521 | WARD     | M      | SALESMAN            | 7698 | 1981-02-22 | 1250 |  500 |     30 |       1 | WARD         | sales@2017 | 7132300034 |        1 |
|  7566 | JONES    | M      | MANAGER             | 7839 | 1981-04-02 | 2975 | NULL |     20 |       4 | HONEYCOMB    | a12recmpm  | 7132300039 |        1 |
|  7654 | MARTIN   | M      | SALESMAN            | 7698 | 1981-09-28 | 1250 | 1400 |     30 |       6 | LIFE RACER   | sales@2017 | 7132300050 |        1 |
|  7698 | BLAKE    | M      | MANAGER             | 7839 | 1981-05-01 | 2850 | NULL |     30 |       1 | BIG BEN      | sales@2017 | 7132300027 |        1 |
|  7782 | CLARK    | M      | MANAGER             | 7839 | 1981-06-09 | 2450 | NULL |     10 |       3 | CLARK        | r50mpm     | 7032300001 |        1 |
|  7788 | SCOTT    | M      | ANALYST             | 7566 | 1982-12-09 | 3000 | NULL |     20 |       3 | WHITE SAND   | a12recmpm  | NULL       |        1 |
|  7839 | KING     | M      | PRESIDENT           | NULL | 1981-11-17 | 5000 | NULL |     10 |       1 | KING         | r50mpm     | 7132300081 |        1 |
|  7840 | FRED     | M      | vice PRESIDENT      | 7839 | 1983-08-09 | 5000 | NULL |     20 |       1 | SAND STONE   | a12recmpm  | NULL       |        1 |
|  7844 | TURNER   | M      | SALESMAN            | 7698 | 1981-09-08 | 1500 |    0 |     30 |       5 | SAND DUST    | sales@2017 | NULL       |        1 |
|  7876 | ADAMS    | M      | CLERK               | 7788 | 1983-01-12 | 1100 | NULL |     20 |       1 | CRAZY ANYONE | a12recmpm  | 7132300086 |        1 |
|  7900 | JAMES    | M      | CLERK               | 7698 | 1981-12-03 |  950 | NULL |     30 |       2 | CRAZY LEADER | sales@2017 | 7132300042 |        1 |
|  7902 | FORD     | M      | ANALYST             | 7566 | 1981-12-03 | 3000 | NULL |     20 |       4 | CONBRIO      | a12recmpm  | NULL       |        0 |
|  7919 | HOFFMAN  | M      | MANAGER             | 7566 | 1982-03-24 | 4150 | NULL |     30 |       3 | INTERVAL     | sales@2017 | NULL       |        1 |
|  7920 | GRASS    | M      | SALESMAN            | 7919 | 1980-02-14 | 2575 | 2700 |     30 |       5 | GRASS        | sales@2017 | NULL       |        1 |
|  7934 | MILLER   | M      | CLERK               | 7782 | 1982-01-23 | 1300 | NULL |     10 |       2 | QUARTERNOTE  | r50mpm     | 7132300055 |        0 |
|  7945 | AARUSH   | M      | SALESMAN            | 7902 | 1980-02-14 | 1350 | 2700 |     30 |    NULL | AARUSH       | ABCDEF     | NULL       |        0 |
|  7949 | ALEX     | M      | MANAGER             | 7698 | 1982-01-24 | 1250 |  500 |     30 |       5 | QUARTERREST  | sales@2017 | 7156567183 |        1 |
|  8433 | NATASHA  | F      | CLERK               | 7920 | 1981-07-19 | 1750 | NULL |     30 |       1 | NATASHA      | sales@2017 | NULL       |        1 |
|  9400 | SANGITA  | F      | Compliance officers | 7920 | 1981-07-19 | 1750 | NULL |     50 |       1 | SANGITA      | NULL       | NULL       |        1 |
|  9473 | SUPRIYA  | F      | ANALYST             | 7920 | 1981-07-19 | 1750 | NULL |     50 |       1 | SUPRIYA      | XYZ@1234   | NULL       |        1 |
+-------+----------+--------+---------------------+------+------------+------+------+--------+---------+--------------+------------+------------+----------+
28 rows in set (0.00 sec)

mysql> SELECT * FROM emp WHERE True LIKE 100;
Empty set (0.00 sec)

mysql>
mysql> SELECT * FROM emp WHERE False LIKE 0 AND 1;
+-------+----------+--------+---------------------+------+------------+------+------+--------+---------+--------------+------------+------------+----------+
| EMPNO | ENAME    | GENDER | JOB                 | MGR  | HIREDATE   | SAL  | COMM | DEPTNO | BONUSID | USER NAME    | PWD        | PHONE      | isActive |
+-------+----------+--------+---------------------+------+------------+------+------+--------+---------+--------------+------------+------------+----------+
|  6001 | GITA     | F      | Compliance officers | 7920 | 1981-07-19 | 1750 | NULL |     30 |       1 | GITA         | sales@2017 | NULL       |        1 |
|  6129 | VRUSHALI | F      | Compliance officers | 7920 | 1981-07-19 | 1750 | NULL |     50 |       1 | VRUSHALI     | PUN@8877   | NULL       |        1 |
|  6473 | SHARMIN  | F      | Public Relation     | 7920 | 1981-07-19 | 1750 | NULL |     20 |       1 | SHARMIN      | a12recmpm  | NULL       |        1 |
|  6781 | BANDISH  | F      | Public Relation     | 7920 | 1981-07-19 | 1750 | NULL |     20 |       1 | BANDISH      | a12recmpm  | NULL       |        1 |
|  7369 | SMITH    | M      | CLERK               | 7902 | 1980-12-17 |  800 | NULL |     20 |       2 | TRITONE      | a12recmpm  | 7032300023 |        0 |
|  7415 | AARAV    | M      | CLERK               | 7902 | 1981-12-31 | 3350 | NULL |     10 |    NULL | AARAV        | NULL       | 7032300084 |        0 |
|  7421 | THOMAS   | M      | CLERK               | 7920 | 1981-07-19 | 1750 | NULL |     10 |       1 | THOMAS       | r50mpm     | 7032300011 |        0 |
|  7499 | ALLEN    | M      | SALESMAN            | 7698 | 1981-02-20 | 1600 |  300 |     30 |       4 | ALWAYS TESTE | sales@2017 | 7032300096 |        1 |
|  7521 | WARD     | M      | SALESMAN            | 7698 | 1981-02-22 | 1250 |  500 |     30 |       1 | WARD         | sales@2017 | 7132300034 |        1 |
|  7566 | JONES    | M      | MANAGER             | 7839 | 1981-04-02 | 2975 | NULL |     20 |       4 | HONEYCOMB    | a12recmpm  | 7132300039 |        1 |
|  7654 | MARTIN   | M      | SALESMAN            | 7698 | 1981-09-28 | 1250 | 1400 |     30 |       6 | LIFE RACER   | sales@2017 | 7132300050 |        1 |
|  7698 | BLAKE    | M      | MANAGER             | 7839 | 1981-05-01 | 2850 | NULL |     30 |       1 | BIG BEN      | sales@2017 | 7132300027 |        1 |
|  7782 | CLARK    | M      | MANAGER             | 7839 | 1981-06-09 | 2450 | NULL |     10 |       3 | CLARK        | r50mpm     | 7032300001 |        1 |
|  7788 | SCOTT    | M      | ANALYST             | 7566 | 1982-12-09 | 3000 | NULL |     20 |       3 | WHITE SAND   | a12recmpm  | NULL       |        1 |
|  7839 | KING     | M      | PRESIDENT           | NULL | 1981-11-17 | 5000 | NULL |     10 |       1 | KING         | r50mpm     | 7132300081 |        1 |
|  7840 | FRED     | M      | vice PRESIDENT      | 7839 | 1983-08-09 | 5000 | NULL |     20 |       1 | SAND STONE   | a12recmpm  | NULL       |        1 |
|  7844 | TURNER   | M      | SALESMAN            | 7698 | 1981-09-08 | 1500 |    0 |     30 |       5 | SAND DUST    | sales@2017 | NULL       |        1 |
|  7876 | ADAMS    | M      | CLERK               | 7788 | 1983-01-12 | 1100 | NULL |     20 |       1 | CRAZY ANYONE | a12recmpm  | 7132300086 |        1 |
|  7900 | JAMES    | M      | CLERK               | 7698 | 1981-12-03 |  950 | NULL |     30 |       2 | CRAZY LEADER | sales@2017 | 7132300042 |        1 |
|  7902 | FORD     | M      | ANALYST             | 7566 | 1981-12-03 | 3000 | NULL |     20 |       4 | CONBRIO      | a12recmpm  | NULL       |        0 |
|  7919 | HOFFMAN  | M      | MANAGER             | 7566 | 1982-03-24 | 4150 | NULL |     30 |       3 | INTERVAL     | sales@2017 | NULL       |        1 |
|  7920 | GRASS    | M      | SALESMAN            | 7919 | 1980-02-14 | 2575 | 2700 |     30 |       5 | GRASS        | sales@2017 | NULL       |        1 |
|  7934 | MILLER   | M      | CLERK               | 7782 | 1982-01-23 | 1300 | NULL |     10 |       2 | QUARTERNOTE  | r50mpm     | 7132300055 |        0 |
|  7945 | AARUSH   | M      | SALESMAN            | 7902 | 1980-02-14 | 1350 | 2700 |     30 |    NULL | AARUSH       | ABCDEF     | NULL       |        0 |
|  7949 | ALEX     | M      | MANAGER             | 7698 | 1982-01-24 | 1250 |  500 |     30 |       5 | QUARTERREST  | sales@2017 | 7156567183 |        1 |
|  8433 | NATASHA  | F      | CLERK               | 7920 | 1981-07-19 | 1750 | NULL |     30 |       1 | NATASHA      | sales@2017 | NULL       |        1 |
|  9400 | SANGITA  | F      | Compliance officers | 7920 | 1981-07-19 | 1750 | NULL |     50 |       1 | SANGITA      | NULL       | NULL       |        1 |
|  9473 | SUPRIYA  | F      | ANALYST             | 7920 | 1981-07-19 | 1750 | NULL |     50 |       1 | SUPRIYA      | XYZ@1234   | NULL       |        1 |
+-------+----------+--------+---------------------+------+------------+------+------+--------+---------+--------------+------------+------------+----------+
28 rows in set (0.00 sec)

mysql> SELECT * FROM emp WHERE True LIKE 0 AND 1;
Empty set (0.00 sec)

mysql> SELECT * FROM emp WHERE True LIKE 1 AND 1;
+-------+----------+--------+---------------------+------+------------+------+------+--------+---------+--------------+------------+------------+----------+
| EMPNO | ENAME    | GENDER | JOB                 | MGR  | HIREDATE   | SAL  | COMM | DEPTNO | BONUSID | USER NAME    | PWD        | PHONE      | isActive |
+-------+----------+--------+---------------------+------+------------+------+------+--------+---------+--------------+------------+------------+----------+
|  6001 | GITA     | F      | Compliance officers | 7920 | 1981-07-19 | 1750 | NULL |     30 |       1 | GITA         | sales@2017 | NULL       |        1 |
|  6129 | VRUSHALI | F      | Compliance officers | 7920 | 1981-07-19 | 1750 | NULL |     50 |       1 | VRUSHALI     | PUN@8877   | NULL       |        1 |
|  6473 | SHARMIN  | F      | Public Relation     | 7920 | 1981-07-19 | 1750 | NULL |     20 |       1 | SHARMIN      | a12recmpm  | NULL       |        1 |
|  6781 | BANDISH  | F      | Public Relation     | 7920 | 1981-07-19 | 1750 | NULL |     20 |       1 | BANDISH      | a12recmpm  | NULL       |        1 |
|  7369 | SMITH    | M      | CLERK               | 7902 | 1980-12-17 |  800 | NULL |     20 |       2 | TRITONE      | a12recmpm  | 7032300023 |        0 |
|  7415 | AARAV    | M      | CLERK               | 7902 | 1981-12-31 | 3350 | NULL |     10 |    NULL | AARAV        | NULL       | 7032300084 |        0 |
|  7421 | THOMAS   | M      | CLERK               | 7920 | 1981-07-19 | 1750 | NULL |     10 |       1 | THOMAS       | r50mpm     | 7032300011 |        0 |
|  7499 | ALLEN    | M      | SALESMAN            | 7698 | 1981-02-20 | 1600 |  300 |     30 |       4 | ALWAYS TESTE | sales@2017 | 7032300096 |        1 |
|  7521 | WARD     | M      | SALESMAN            | 7698 | 1981-02-22 | 1250 |  500 |     30 |       1 | WARD         | sales@2017 | 7132300034 |        1 |
|  7566 | JONES    | M      | MANAGER             | 7839 | 1981-04-02 | 2975 | NULL |     20 |       4 | HONEYCOMB    | a12recmpm  | 7132300039 |        1 |
|  7654 | MARTIN   | M      | SALESMAN            | 7698 | 1981-09-28 | 1250 | 1400 |     30 |       6 | LIFE RACER   | sales@2017 | 7132300050 |        1 |
|  7698 | BLAKE    | M      | MANAGER             | 7839 | 1981-05-01 | 2850 | NULL |     30 |       1 | BIG BEN      | sales@2017 | 7132300027 |        1 |
|  7782 | CLARK    | M      | MANAGER             | 7839 | 1981-06-09 | 2450 | NULL |     10 |       3 | CLARK        | r50mpm     | 7032300001 |        1 |
|  7788 | SCOTT    | M      | ANALYST             | 7566 | 1982-12-09 | 3000 | NULL |     20 |       3 | WHITE SAND   | a12recmpm  | NULL       |        1 |
|  7839 | KING     | M      | PRESIDENT           | NULL | 1981-11-17 | 5000 | NULL |     10 |       1 | KING         | r50mpm     | 7132300081 |        1 |
|  7840 | FRED     | M      | vice PRESIDENT      | 7839 | 1983-08-09 | 5000 | NULL |     20 |       1 | SAND STONE   | a12recmpm  | NULL       |        1 |
|  7844 | TURNER   | M      | SALESMAN            | 7698 | 1981-09-08 | 1500 |    0 |     30 |       5 | SAND DUST    | sales@2017 | NULL       |        1 |
|  7876 | ADAMS    | M      | CLERK               | 7788 | 1983-01-12 | 1100 | NULL |     20 |       1 | CRAZY ANYONE | a12recmpm  | 7132300086 |        1 |
|  7900 | JAMES    | M      | CLERK               | 7698 | 1981-12-03 |  950 | NULL |     30 |       2 | CRAZY LEADER | sales@2017 | 7132300042 |        1 |
|  7902 | FORD     | M      | ANALYST             | 7566 | 1981-12-03 | 3000 | NULL |     20 |       4 | CONBRIO      | a12recmpm  | NULL       |        0 |
|  7919 | HOFFMAN  | M      | MANAGER             | 7566 | 1982-03-24 | 4150 | NULL |     30 |       3 | INTERVAL     | sales@2017 | NULL       |        1 |
|  7920 | GRASS    | M      | SALESMAN            | 7919 | 1980-02-14 | 2575 | 2700 |     30 |       5 | GRASS        | sales@2017 | NULL       |        1 |
|  7934 | MILLER   | M      | CLERK               | 7782 | 1982-01-23 | 1300 | NULL |     10 |       2 | QUARTERNOTE  | r50mpm     | 7132300055 |        0 |
|  7945 | AARUSH   | M      | SALESMAN            | 7902 | 1980-02-14 | 1350 | 2700 |     30 |    NULL | AARUSH       | ABCDEF     | NULL       |        0 |
|  7949 | ALEX     | M      | MANAGER             | 7698 | 1982-01-24 | 1250 |  500 |     30 |       5 | QUARTERREST  | sales@2017 | 7156567183 |        1 |
|  8433 | NATASHA  | F      | CLERK               | 7920 | 1981-07-19 | 1750 | NULL |     30 |       1 | NATASHA      | sales@2017 | NULL       |        1 |
|  9400 | SANGITA  | F      | Compliance officers | 7920 | 1981-07-19 | 1750 | NULL |     50 |       1 | SANGITA      | NULL       | NULL       |        1 |
|  9473 | SUPRIYA  | F      | ANALYST             | 7920 | 1981-07-19 | 1750 | NULL |     50 |       1 | SUPRIYA      | XYZ@1234   | NULL       |        1 |
+-------+----------+--------+---------------------+------+------------+------+------+--------+---------+--------------+------------+------------+----------+
28 rows in set (0.00 sec)

mysql> SELECT * FROM emp WHERE False LIKE 1 AND 1;
Empty set (0.00 sec)

mysql> SELECT AVG(NULL) "R1";
+------+
| R1   |
+------+
| NULL |
+------+
1 row in set (0.00 sec)

mysql> SELECT AVG(1) "R1";
+--------+
| R1     |
+--------+
| 1.0000 |
+--------+
1 row in set (0.00 sec)

mysql> SELECT AVG(1) "R1" WHERE False;
+------+
| R1   |
+------+
| NULL |
+------+
1 row in set (0.00 sec)

mysql> SELECT AVG(1) "R1" FROM emp;
+--------+
| R1     |
+--------+
| 1.0000 |
+--------+
1 row in set (0.00 sec)

mysql> SELECT AVG(sal) "R1" FROM emp WHERE empno = -1;
+------+
| R1   |
+------+
| NULL |
+------+
1 row in set (0.00 sec)

mysql> select emp;
ERROR 1054 (42S22): Unknown column 'emp' in 'field list'
mysql> table emp;
+-------+----------+--------+---------------------+------+------------+------+------+--------+---------+--------------+------------+------------+----------+
| EMPNO | ENAME    | GENDER | JOB                 | MGR  | HIREDATE   | SAL  | COMM | DEPTNO | BONUSID | USER NAME    | PWD        | PHONE      | isActive |
+-------+----------+--------+---------------------+------+------------+------+------+--------+---------+--------------+------------+------------+----------+
|  6001 | GITA     | F      | Compliance officers | 7920 | 1981-07-19 | 1750 | NULL |     30 |       1 | GITA         | sales@2017 | NULL       |        1 |
|  6129 | VRUSHALI | F      | Compliance officers | 7920 | 1981-07-19 | 1750 | NULL |     50 |       1 | VRUSHALI     | PUN@8877   | NULL       |        1 |
|  6473 | SHARMIN  | F      | Public Relation     | 7920 | 1981-07-19 | 1750 | NULL |     20 |       1 | SHARMIN      | a12recmpm  | NULL       |        1 |
|  6781 | BANDISH  | F      | Public Relation     | 7920 | 1981-07-19 | 1750 | NULL |     20 |       1 | BANDISH      | a12recmpm  | NULL       |        1 |
|  7369 | SMITH    | M      | CLERK               | 7902 | 1980-12-17 |  800 | NULL |     20 |       2 | TRITONE      | a12recmpm  | 7032300023 |        0 |
|  7415 | AARAV    | M      | CLERK               | 7902 | 1981-12-31 | 3350 | NULL |     10 |    NULL | AARAV        | NULL       | 7032300084 |        0 |
|  7421 | THOMAS   | M      | CLERK               | 7920 | 1981-07-19 | 1750 | NULL |     10 |       1 | THOMAS       | r50mpm     | 7032300011 |        0 |
|  7499 | ALLEN    | M      | SALESMAN            | 7698 | 1981-02-20 | 1600 |  300 |     30 |       4 | ALWAYS TESTE | sales@2017 | 7032300096 |        1 |
|  7521 | WARD     | M      | SALESMAN            | 7698 | 1981-02-22 | 1250 |  500 |     30 |       1 | WARD         | sales@2017 | 7132300034 |        1 |
|  7566 | JONES    | M      | MANAGER             | 7839 | 1981-04-02 | 2975 | NULL |     20 |       4 | HONEYCOMB    | a12recmpm  | 7132300039 |        1 |
|  7654 | MARTIN   | M      | SALESMAN            | 7698 | 1981-09-28 | 1250 | 1400 |     30 |       6 | LIFE RACER   | sales@2017 | 7132300050 |        1 |
|  7698 | BLAKE    | M      | MANAGER             | 7839 | 1981-05-01 | 2850 | NULL |     30 |       1 | BIG BEN      | sales@2017 | 7132300027 |        1 |
|  7782 | CLARK    | M      | MANAGER             | 7839 | 1981-06-09 | 2450 | NULL |     10 |       3 | CLARK        | r50mpm     | 7032300001 |        1 |
|  7788 | SCOTT    | M      | ANALYST             | 7566 | 1982-12-09 | 3000 | NULL |     20 |       3 | WHITE SAND   | a12recmpm  | NULL       |        1 |
|  7839 | KING     | M      | PRESIDENT           | NULL | 1981-11-17 | 5000 | NULL |     10 |       1 | KING         | r50mpm     | 7132300081 |        1 |
|  7840 | FRED     | M      | vice PRESIDENT      | 7839 | 1983-08-09 | 5000 | NULL |     20 |       1 | SAND STONE   | a12recmpm  | NULL       |        1 |
|  7844 | TURNER   | M      | SALESMAN            | 7698 | 1981-09-08 | 1500 |    0 |     30 |       5 | SAND DUST    | sales@2017 | NULL       |        1 |
|  7876 | ADAMS    | M      | CLERK               | 7788 | 1983-01-12 | 1100 | NULL |     20 |       1 | CRAZY ANYONE | a12recmpm  | 7132300086 |        1 |
|  7900 | JAMES    | M      | CLERK               | 7698 | 1981-12-03 |  950 | NULL |     30 |       2 | CRAZY LEADER | sales@2017 | 7132300042 |        1 |
|  7902 | FORD     | M      | ANALYST             | 7566 | 1981-12-03 | 3000 | NULL |     20 |       4 | CONBRIO      | a12recmpm  | NULL       |        0 |
|  7919 | HOFFMAN  | M      | MANAGER             | 7566 | 1982-03-24 | 4150 | NULL |     30 |       3 | INTERVAL     | sales@2017 | NULL       |        1 |
|  7920 | GRASS    | M      | SALESMAN            | 7919 | 1980-02-14 | 2575 | 2700 |     30 |       5 | GRASS        | sales@2017 | NULL       |        1 |
|  7934 | MILLER   | M      | CLERK               | 7782 | 1982-01-23 | 1300 | NULL |     10 |       2 | QUARTERNOTE  | r50mpm     | 7132300055 |        0 |
|  7945 | AARUSH   | M      | SALESMAN            | 7902 | 1980-02-14 | 1350 | 2700 |     30 |    NULL | AARUSH       | ABCDEF     | NULL       |        0 |
|  7949 | ALEX     | M      | MANAGER             | 7698 | 1982-01-24 | 1250 |  500 |     30 |       5 | QUARTERREST  | sales@2017 | 7156567183 |        1 |
|  8433 | NATASHA  | F      | CLERK               | 7920 | 1981-07-19 | 1750 | NULL |     30 |       1 | NATASHA      | sales@2017 | NULL       |        1 |
|  9400 | SANGITA  | F      | Compliance officers | 7920 | 1981-07-19 | 1750 | NULL |     50 |       1 | SANGITA      | NULL       | NULL       |        1 |
|  9473 | SUPRIYA  | F      | ANALYST             | 7920 | 1981-07-19 | 1750 | NULL |     50 |       1 | SUPRIYA      | XYZ@1234   | NULL       |        1 |
+-------+----------+--------+---------------------+------+------------+------+------+--------+---------+--------------+------------+------------+----------+
28 rows in set (0.00 sec)

mysql> SELECT AVG(sal) "R1" FROM emp WHERE empno = 6001;
+-----------+
| R1        |
+-----------+
| 1750.0000 |
+-----------+
1 row in set (0.00 sec)

mysql> SELECT AVG(sal) "R1" FROM emp;
+-----------+
| R1        |
+-----------+
| 2167.8571 |
+-----------+
1 row in set (0.00 sec)

mysql> SELECT AVG(sal) "Avg Salary" FROM emp;
+------------+
| Avg Salary |
+------------+
|  2167.8571 |
+------------+
1 row in set (0.00 sec)

mysql> SELECT job, AVG(sal) "Avg Salary" FROM emp GROUP BY job;
+---------------------+------------+
| job                 | Avg Salary |
+---------------------+------------+
| Compliance officers |  1750.0000 |
| Public Relation     |  1750.0000 |
| CLERK               |  1571.4286 |
| SALESMAN            |  1587.5000 |
| MANAGER             |  2735.0000 |
| ANALYST             |  2583.3333 |
| PRESIDENT           |  5000.0000 |
| vice PRESIDENT      |  5000.0000 |
+---------------------+------------+
8 rows in set (0.00 sec)

mysql> SELECT AVG(sal),job "Avg Salary" FROM emp GROUP BY job;
+-----------+---------------------+
| AVG(sal)  | Avg Salary          |
+-----------+---------------------+
| 1750.0000 | Compliance officers |
| 1750.0000 | Public Relation     |
| 1571.4286 | CLERK               |
| 1587.5000 | SALESMAN            |
| 2735.0000 | MANAGER             |
| 2583.3333 | ANALYST             |
| 5000.0000 | PRESIDENT           |
| 5000.0000 | vice PRESIDENT      |
+-----------+---------------------+
8 rows in set (0.00 sec)

mysql> SELECT AVG(sal),job  FROM emp GROUP BY job;
+-----------+---------------------+
| AVG(sal)  | job                 |
+-----------+---------------------+
| 1750.0000 | Compliance officers |
| 1750.0000 | Public Relation     |
| 1571.4286 | CLERK               |
| 1587.5000 | SALESMAN            |
| 2735.0000 | MANAGER             |
| 2583.3333 | ANALYST             |
| 5000.0000 | PRESIDENT           |
| 5000.0000 | vice PRESIDENT      |
+-----------+---------------------+
8 rows in set (0.00 sec)

mysql> SELECT AVG(sal) "Salaryyyy",job  FROM emp GROUP BY job;
+-----------+---------------------+
| Salaryyyy | job                 |
+-----------+---------------------+
| 1750.0000 | Compliance officers |
| 1750.0000 | Public Relation     |
| 1571.4286 | CLERK               |
| 1587.5000 | SALESMAN            |
| 2735.0000 | MANAGER             |
| 2583.3333 | ANALYST             |
| 5000.0000 | PRESIDENT           |
| 5000.0000 | vice PRESIDENT      |
+-----------+---------------------+
8 rows in set (0.00 sec)

mysql> SELECT AVG(sal) "Salaryyyy",job  "Kaaam" FROM emp GROUP BY job;
+-----------+---------------------+
| Salaryyyy | Kaaam               |
+-----------+---------------------+
| 1750.0000 | Compliance officers |
| 1750.0000 | Public Relation     |
| 1571.4286 | CLERK               |
| 1587.5000 | SALESMAN            |
| 2735.0000 | MANAGER             |
| 2583.3333 | ANALYST             |
| 5000.0000 | PRESIDENT           |
| 5000.0000 | vice PRESIDENT      |
+-----------+---------------------+
8 rows in set (0.00 sec)

mysql> SELECT SUM(IF(c1 < 0, c1, NULL)) FROM r;
+---------------------------+
| SUM(IF(c1 < 0, c1, NULL)) |
+---------------------------+
|                        -5 |
+---------------------------+
1 row in set (0.00 sec)

mysql> SELECT SUM(IF(c1 >= 0, c1, NULL)) FROM r;
+----------------------------+
| SUM(IF(c1 >= 0, c1, NULL)) |
+----------------------------+
|                         10 |
+----------------------------+
1 row in set (0.00 sec)

mysql> SELECT MAX(1) "R1";
+------+
| R1   |
+------+
|    1 |
+------+
1 row in set (0.00 sec)

mysql> SELECT MAX(2) "R1";
+------+
| R1   |
+------+
|    2 |
+------+
1 row in set (0.00 sec)

mysql> SELECT MAX(2,4) "R1";
ERROR 1064 (42000): You have an error in your SQL syntax; check the manual that corresponds to your MySQL server version for the right syntax to use near ',4) "R1"' at line 1
mysql> SELECT MAX(2,4);
ERROR 1064 (42000): You have an error in your SQL syntax; check the manual that corresponds to your MySQL server version for the right syntax to use near ',4)' at line 1
mysql> SELECT MAX(2) from emp;
+--------+
| MAX(2) |
+--------+
|      2 |
+--------+
1 row in set (0.00 sec)

mysql> SELECT MAX(sal) from emp;
+----------+
| MAX(sal) |
+----------+
|     5000 |
+----------+
1 row in set (0.00 sec)

mysql> SELECT job, MAX(sal) "Maximum Salary" FROM emp GROUP BY job;
+---------------------+----------------+
| job                 | Maximum Salary |
+---------------------+----------------+
| Compliance officers |           1750 |
| Public Relation     |           1750 |
| CLERK               |           3350 |
| SALESMAN            |           2575 |
| MANAGER             |           4150 |
| ANALYST             |           3000 |
| PRESIDENT           |           5000 |
| vice PRESIDENT      |           5000 |
+---------------------+----------------+
8 rows in set (0.00 sec)

mysql> SELECT job, MIN(sal) "Minimum Salary" FROM emp GROUP BY job;
+---------------------+----------------+
| job                 | Minimum Salary |
+---------------------+----------------+
| Compliance officers |           1750 |
| Public Relation     |           1750 |
| CLERK               |            800 |
| SALESMAN            |           1250 |
| MANAGER             |           1250 |
| ANALYST             |           1750 |
| PRESIDENT           |           5000 |
| vice PRESIDENT      |           5000 |
+---------------------+----------------+
8 rows in set (0.00 sec)

mysql> SELECT job, COUNT(*) "R1" FROM emp GROUP BY job;
+---------------------+----+
| job                 | R1 |
+---------------------+----+
| Compliance officers |  3 |
| Public Relation     |  2 |
| CLERK               |  7 |
| SALESMAN            |  6 |
| MANAGER             |  5 |
| ANALYST             |  3 |
| PRESIDENT           |  1 |
| vice PRESIDENT      |  1 |
+---------------------+----+
8 rows in set (0.00 sec)

mysql> select count() from emp;
ERROR 1064 (42000): You have an error in your SQL syntax; check the manual that corresponds to your MySQL server version for the right syntax to use near ') from emp' at line 1
mysql> select count(*) from emp ;
+----------+
| count(*) |
+----------+
|       28 |
+----------+
1 row in set (0.00 sec)

mysql> select count(comm) from emp;
+-------------+
| count(comm) |
+-------------+
|           7 |
+-------------+
1 row in set (0.00 sec)

mysql> source C:\Users\Lenovo\Documents\GitHub\CDAC\DBT\Assignment\CAB\CABScript.sql
Query OK, 0 rows affected, 1 warning (0.01 sec)

Query OK, 0 rows affected, 1 warning (0.00 sec)

Query OK, 0 rows affected, 1 warning (0.00 sec)

Query OK, 0 rows affected, 1 warning (0.01 sec)

Query OK, 0 rows affected, 1 warning (0.00 sec)

Query OK, 0 rows affected, 1 warning (0.01 sec)

Query OK, 0 rows affected, 1 warning (0.00 sec)

Query OK, 0 rows affected (0.05 sec)

Query OK, 0 rows affected (0.09 sec)

Query OK, 0 rows affected (0.07 sec)

Query OK, 0 rows affected (0.06 sec)

Query OK, 0 rows affected (0.05 sec)

Query OK, 0 rows affected (0.08 sec)

Query OK, 0 rows affected (0.07 sec)

Query OK, 1 row affected (0.01 sec)

Query OK, 1 row affected (0.01 sec)

Query OK, 1 row affected (0.01 sec)

Query OK, 1 row affected (0.01 sec)

Query OK, 1 row affected (0.01 sec)

Query OK, 1 row affected (0.01 sec)

Query OK, 1 row affected (0.01 sec)

Query OK, 1 row affected (0.01 sec)

Query OK, 1 row affected (0.01 sec)

Query OK, 1 row affected (0.02 sec)

Query OK, 1 row affected (0.02 sec)

Query OK, 1 row affected (0.02 sec)

Query OK, 1 row affected (0.02 sec)

Query OK, 1 row affected (0.01 sec)

Query OK, 1 row affected (0.02 sec)

Query OK, 1 row affected (0.02 sec)

Query OK, 1 row affected (0.02 sec)

Query OK, 1 row affected (0.03 sec)

Query OK, 1 row affected (0.01 sec)

Query OK, 1 row affected (0.01 sec)

Query OK, 1 row affected (0.03 sec)

Query OK, 1 row affected (0.02 sec)

Query OK, 1 row affected (0.02 sec)

Query OK, 1 row affected (0.02 sec)

Query OK, 1 row affected (0.01 sec)

mysql> 14.Write a query to find the 2nd highest salary for every jobs.
    -> ;
ERROR 1064 (42000): You have an error in your SQL syntax; check the manual that corresponds to your MySQL server version for the right syntax to use near '14.Write a query to find the 2nd highest salary for every jobs.' at line 1
mysql> select max(sal) from emp where sal<(select max(sal) from emp);
+----------+
| max(sal) |
+----------+
|     4150 |
+----------+
1 row in set (0.00 sec)

mysql> select max(sal) from emp group by job;
+----------+
| max(sal) |
+----------+
|     1750 |
|     1750 |
|     3350 |
|     2575 |
|     4150 |
|     3000 |
|     5000 |
|     5000 |
+----------+
8 rows in set (0.00 sec)

mysql> select sal from (select dense_rank() over(partition by job order by sal desc) "r1",emp.* from emp) "ABCD" where r1=2;
ERROR 1064 (42000): You have an error in your SQL syntax; check the manual that corresponds to your MySQL server version for the right syntax to use near '"ABCD" where r1=2' at line 1
mysql> select sal from (select dense_rank() over(partition by job order by sal desc) r1,emp.* from emp) ABCD where r1=2;
+------+
| sal  |
+------+
| 1750 |
| 1750 |
| 1750 |
| 2975 |
| 1600 |
+------+
5 rows in set (0.00 sec)

mysql> select sal,job from (select dense_rank() over(partition by job order by sal desc) r1,emp.* from emp) ABCD where r1=2;
+------+----------+
| sal  | job      |
+------+----------+
| 1750 | ANALYST  |
| 1750 | CLERK    |
| 1750 | CLERK    |
| 2975 | MANAGER  |
| 1600 | SALESMAN |
+------+----------+
5 rows in set (0.00 sec)

mysql> select sal,job from (select dense_rank() over(partition by job order by sal desc) r1,emp.* from emp) ABCD where r1=1;
+------+---------------------+
| sal  | job                 |
+------+---------------------+
| 3000 | ANALYST             |
| 3000 | ANALYST             |
| 3350 | CLERK               |
| 1750 | Compliance officers |
| 1750 | Compliance officers |
| 1750 | Compliance officers |
| 4150 | MANAGER             |
| 5000 | PRESIDENT           |
| 1750 | Public Relation     |
| 1750 | Public Relation     |
| 2575 | SALESMAN            |
| 5000 | vice PRESIDENT      |
+------+---------------------+
12 rows in set (0.00 sec)

mysql>
mysql> select sal,job from (select dense_rank() over(partition by job order by sal desc) r1,emp.* from emp) ABCD where r1=3;
+------+----------+
| sal  | job      |
+------+----------+
| 1300 | CLERK    |
| 2850 | MANAGER  |
| 1500 | SALESMAN |
+------+----------+
3 rows in set (0.00 sec)

mysql> table emp;
+-------+----------+--------+---------------------+------+------------+------+------+--------+---------+--------------+------------+------------+----------+
| EMPNO | ENAME    | GENDER | JOB                 | MGR  | HIREDATE   | SAL  | COMM | DEPTNO | BONUSID | USER NAME    | PWD        | PHONE      | isActive |
+-------+----------+--------+---------------------+------+------------+------+------+--------+---------+--------------+------------+------------+----------+
|  6001 | GITA     | F      | Compliance officers | 7920 | 1981-07-19 | 1750 | NULL |     30 |       1 | GITA         | sales@2017 | NULL       |        1 |
|  6129 | VRUSHALI | F      | Compliance officers | 7920 | 1981-07-19 | 1750 | NULL |     50 |       1 | VRUSHALI     | PUN@8877   | NULL       |        1 |
|  6473 | SHARMIN  | F      | Public Relation     | 7920 | 1981-07-19 | 1750 | NULL |     20 |       1 | SHARMIN      | a12recmpm  | NULL       |        1 |
|  6781 | BANDISH  | F      | Public Relation     | 7920 | 1981-07-19 | 1750 | NULL |     20 |       1 | BANDISH      | a12recmpm  | NULL       |        1 |
|  7369 | SMITH    | M      | CLERK               | 7902 | 1980-12-17 |  800 | NULL |     20 |       2 | TRITONE      | a12recmpm  | 7032300023 |        0 |
|  7415 | AARAV    | M      | CLERK               | 7902 | 1981-12-31 | 3350 | NULL |     10 |    NULL | AARAV        | NULL       | 7032300084 |        0 |
|  7421 | THOMAS   | M      | CLERK               | 7920 | 1981-07-19 | 1750 | NULL |     10 |       1 | THOMAS       | r50mpm     | 7032300011 |        0 |
|  7499 | ALLEN    | M      | SALESMAN            | 7698 | 1981-02-20 | 1600 |  300 |     30 |       4 | ALWAYS TESTE | sales@2017 | 7032300096 |        1 |
|  7521 | WARD     | M      | SALESMAN            | 7698 | 1981-02-22 | 1250 |  500 |     30 |       1 | WARD         | sales@2017 | 7132300034 |        1 |
|  7566 | JONES    | M      | MANAGER             | 7839 | 1981-04-02 | 2975 | NULL |     20 |       4 | HONEYCOMB    | a12recmpm  | 7132300039 |        1 |
|  7654 | MARTIN   | M      | SALESMAN            | 7698 | 1981-09-28 | 1250 | 1400 |     30 |       6 | LIFE RACER   | sales@2017 | 7132300050 |        1 |
|  7698 | BLAKE    | M      | MANAGER             | 7839 | 1981-05-01 | 2850 | NULL |     30 |       1 | BIG BEN      | sales@2017 | 7132300027 |        1 |
|  7782 | CLARK    | M      | MANAGER             | 7839 | 1981-06-09 | 2450 | NULL |     10 |       3 | CLARK        | r50mpm     | 7032300001 |        1 |
|  7788 | SCOTT    | M      | ANALYST             | 7566 | 1982-12-09 | 3000 | NULL |     20 |       3 | WHITE SAND   | a12recmpm  | NULL       |        1 |
|  7839 | KING     | M      | PRESIDENT           | NULL | 1981-11-17 | 5000 | NULL |     10 |       1 | KING         | r50mpm     | 7132300081 |        1 |
|  7840 | FRED     | M      | vice PRESIDENT      | 7839 | 1983-08-09 | 5000 | NULL |     20 |       1 | SAND STONE   | a12recmpm  | NULL       |        1 |
|  7844 | TURNER   | M      | SALESMAN            | 7698 | 1981-09-08 | 1500 |    0 |     30 |       5 | SAND DUST    | sales@2017 | NULL       |        1 |
|  7876 | ADAMS    | M      | CLERK               | 7788 | 1983-01-12 | 1100 | NULL |     20 |       1 | CRAZY ANYONE | a12recmpm  | 7132300086 |        1 |
|  7900 | JAMES    | M      | CLERK               | 7698 | 1981-12-03 |  950 | NULL |     30 |       2 | CRAZY LEADER | sales@2017 | 7132300042 |        1 |
|  7902 | FORD     | M      | ANALYST             | 7566 | 1981-12-03 | 3000 | NULL |     20 |       4 | CONBRIO      | a12recmpm  | NULL       |        0 |
|  7919 | HOFFMAN  | M      | MANAGER             | 7566 | 1982-03-24 | 4150 | NULL |     30 |       3 | INTERVAL     | sales@2017 | NULL       |        1 |
|  7920 | GRASS    | M      | SALESMAN            | 7919 | 1980-02-14 | 2575 | 2700 |     30 |       5 | GRASS        | sales@2017 | NULL       |        1 |
|  7934 | MILLER   | M      | CLERK               | 7782 | 1982-01-23 | 1300 | NULL |     10 |       2 | QUARTERNOTE  | r50mpm     | 7132300055 |        0 |
|  7945 | AARUSH   | M      | SALESMAN            | 7902 | 1980-02-14 | 1350 | 2700 |     30 |    NULL | AARUSH       | ABCDEF     | NULL       |        0 |
|  7949 | ALEX     | M      | MANAGER             | 7698 | 1982-01-24 | 1250 |  500 |     30 |       5 | QUARTERREST  | sales@2017 | 7156567183 |        1 |
|  8433 | NATASHA  | F      | CLERK               | 7920 | 1981-07-19 | 1750 | NULL |     30 |       1 | NATASHA      | sales@2017 | NULL       |        1 |
|  9400 | SANGITA  | F      | Compliance officers | 7920 | 1981-07-19 | 1750 | NULL |     50 |       1 | SANGITA      | NULL       | NULL       |        1 |
|  9473 | SUPRIYA  | F      | ANALYST             | 7920 | 1981-07-19 | 1750 | NULL |     50 |       1 | SUPRIYA      | XYZ@1234   | NULL       |        1 |
+-------+----------+--------+---------------------+------+------------+------+------+--------+---------+--------------+------------+------------+----------+
28 rows in set (0.00 sec)

mysql> select * from emp where sal=(select max(sal) from emp where(select max(sal) from emp));
+-------+-------+--------+----------------+------+------------+------+------+--------+---------+------------+-----------+------------+----------+
| EMPNO | ENAME | GENDER | JOB            | MGR  | HIREDATE   | SAL  | COMM | DEPTNO | BONUSID | USER NAME  | PWD       | PHONE      | isActive |
+-------+-------+--------+----------------+------+------------+------+------+--------+---------+------------+-----------+------------+----------+
|  7839 | KING  | M      | PRESIDENT      | NULL | 1981-11-17 | 5000 | NULL |     10 |       1 | KING       | r50mpm    | 7132300081 |        1 |
|  7840 | FRED  | M      | vice PRESIDENT | 7839 | 1983-08-09 | 5000 | NULL |     20 |       1 | SAND STONE | a12recmpm | NULL       |        1 |
+-------+-------+--------+----------------+------+------------+------+------+--------+---------+------------+-----------+------------+----------+
2 rows in set (0.00 sec)

mysql> select sal,job from emp where sal=(select max(sal) from emp where sal< (select max(sal) from emp));
+------+---------+
| sal  | job     |
+------+---------+
| 4150 | MANAGER |
+------+---------+
1 row in set (0.00 sec)

mysql> select * from emp where comm=null;
Empty set (0.00 sec)

mysql> select * from emp where comm is null;
+-------+----------+--------+---------------------+------+------------+------+------+--------+---------+--------------+------------+------------+----------+
| EMPNO | ENAME    | GENDER | JOB                 | MGR  | HIREDATE   | SAL  | COMM | DEPTNO | BONUSID | USER NAME    | PWD        | PHONE      | isActive |
+-------+----------+--------+---------------------+------+------------+------+------+--------+---------+--------------+------------+------------+----------+
|  6001 | GITA     | F      | Compliance officers | 7920 | 1981-07-19 | 1750 | NULL |     30 |       1 | GITA         | sales@2017 | NULL       |        1 |
|  6129 | VRUSHALI | F      | Compliance officers | 7920 | 1981-07-19 | 1750 | NULL |     50 |       1 | VRUSHALI     | PUN@8877   | NULL       |        1 |
|  6473 | SHARMIN  | F      | Public Relation     | 7920 | 1981-07-19 | 1750 | NULL |     20 |       1 | SHARMIN      | a12recmpm  | NULL       |        1 |
|  6781 | BANDISH  | F      | Public Relation     | 7920 | 1981-07-19 | 1750 | NULL |     20 |       1 | BANDISH      | a12recmpm  | NULL       |        1 |
|  7369 | SMITH    | M      | CLERK               | 7902 | 1980-12-17 |  800 | NULL |     20 |       2 | TRITONE      | a12recmpm  | 7032300023 |        0 |
|  7415 | AARAV    | M      | CLERK               | 7902 | 1981-12-31 | 3350 | NULL |     10 |    NULL | AARAV        | NULL       | 7032300084 |        0 |
|  7421 | THOMAS   | M      | CLERK               | 7920 | 1981-07-19 | 1750 | NULL |     10 |       1 | THOMAS       | r50mpm     | 7032300011 |        0 |
|  7566 | JONES    | M      | MANAGER             | 7839 | 1981-04-02 | 2975 | NULL |     20 |       4 | HONEYCOMB    | a12recmpm  | 7132300039 |        1 |
|  7698 | BLAKE    | M      | MANAGER             | 7839 | 1981-05-01 | 2850 | NULL |     30 |       1 | BIG BEN      | sales@2017 | 7132300027 |        1 |
|  7782 | CLARK    | M      | MANAGER             | 7839 | 1981-06-09 | 2450 | NULL |     10 |       3 | CLARK        | r50mpm     | 7032300001 |        1 |
|  7788 | SCOTT    | M      | ANALYST             | 7566 | 1982-12-09 | 3000 | NULL |     20 |       3 | WHITE SAND   | a12recmpm  | NULL       |        1 |
|  7839 | KING     | M      | PRESIDENT           | NULL | 1981-11-17 | 5000 | NULL |     10 |       1 | KING         | r50mpm     | 7132300081 |        1 |
|  7840 | FRED     | M      | vice PRESIDENT      | 7839 | 1983-08-09 | 5000 | NULL |     20 |       1 | SAND STONE   | a12recmpm  | NULL       |        1 |
|  7876 | ADAMS    | M      | CLERK               | 7788 | 1983-01-12 | 1100 | NULL |     20 |       1 | CRAZY ANYONE | a12recmpm  | 7132300086 |        1 |
|  7900 | JAMES    | M      | CLERK               | 7698 | 1981-12-03 |  950 | NULL |     30 |       2 | CRAZY LEADER | sales@2017 | 7132300042 |        1 |
|  7902 | FORD     | M      | ANALYST             | 7566 | 1981-12-03 | 3000 | NULL |     20 |       4 | CONBRIO      | a12recmpm  | NULL       |        0 |
|  7919 | HOFFMAN  | M      | MANAGER             | 7566 | 1982-03-24 | 4150 | NULL |     30 |       3 | INTERVAL     | sales@2017 | NULL       |        1 |
|  7934 | MILLER   | M      | CLERK               | 7782 | 1982-01-23 | 1300 | NULL |     10 |       2 | QUARTERNOTE  | r50mpm     | 7132300055 |        0 |
|  8433 | NATASHA  | F      | CLERK               | 7920 | 1981-07-19 | 1750 | NULL |     30 |       1 | NATASHA      | sales@2017 | NULL       |        1 |
|  9400 | SANGITA  | F      | Compliance officers | 7920 | 1981-07-19 | 1750 | NULL |     50 |       1 | SANGITA      | NULL       | NULL       |        1 |
|  9473 | SUPRIYA  | F      | ANALYST             | 7920 | 1981-07-19 | 1750 | NULL |     50 |       1 | SUPRIYA      | XYZ@1234   | NULL       |        1 |
+-------+----------+--------+---------------------+------+------------+------+------+--------+---------+--------------+------------+------------+----------+
21 rows in set (0.00 sec)

mysql> select * from emp group by sal order by sal desc limit 2,1;;
+-------+-------+--------+-------+------+------------+------+------+--------+---------+-----------+------+------------+----------+
| EMPNO | ENAME | GENDER | JOB   | MGR  | HIREDATE   | SAL  | COMM | DEPTNO | BONUSID | USER NAME | PWD  | PHONE      | isActive |
+-------+-------+--------+-------+------+------------+------+------+--------+---------+-----------+------+------------+----------+
|  7415 | AARAV | M      | CLERK | 7902 | 1981-12-31 | 3350 | NULL |     10 |    NULL | AARAV     | NULL | 7032300084 |        0 |
+-------+-------+--------+-------+------+------------+------+------+--------+---------+-----------+------+------------+----------+
1 row in set (0.00 sec)

ERROR:
No query specified

mysql> select * from emp group by sal order by sal desc limit 2,1;
+-------+-------+--------+-------+------+------------+------+------+--------+---------+-----------+------+------------+----------+
| EMPNO | ENAME | GENDER | JOB   | MGR  | HIREDATE   | SAL  | COMM | DEPTNO | BONUSID | USER NAME | PWD  | PHONE      | isActive |
+-------+-------+--------+-------+------+------------+------+------+--------+---------+-----------+------+------------+----------+
|  7415 | AARAV | M      | CLERK | 7902 | 1981-12-31 | 3350 | NULL |     10 |    NULL | AARAV     | NULL | 7032300084 |        0 |
+-------+-------+--------+-------+------+------------+------+------+--------+---------+-----------+------+------------+----------+
1 row in set (0.00 sec)

mysql> select * from emp group by job order by sal desc limit 2,1;
+-------+-------+--------+---------+------+------------+------+------+--------+---------+------------+-----------+-------+----------+
| EMPNO | ENAME | GENDER | JOB     | MGR  | HIREDATE   | SAL  | COMM | DEPTNO | BONUSID | USER NAME  | PWD       | PHONE | isActive |
+-------+-------+--------+---------+------+------------+------+------+--------+---------+------------+-----------+-------+----------+
|  7788 | SCOTT | M      | ANALYST | 7566 | 1982-12-09 | 3000 | NULL |     20 |       3 | WHITE SAND | a12recmpm | NULL  |        1 |
+-------+-------+--------+---------+------+------------+------+------+--------+---------+------------+-----------+-------+----------+
1 row in set (0.00 sec)

mysql> select sal,job from (select dense_rank() over(partition by job order by sal desc) r1,emp.* from emp) ABCD where r1=2;
+------+----------+
| sal  | job      |
+------+----------+
| 1750 | ANALYST  |
| 1750 | CLERK    |
| 1750 | CLERK    |
| 2975 | MANAGER  |
| 1600 | SALESMAN |
+------+----------+
5 rows in set (0.00 sec)

mysql> show tables;
+---------------------+
| Tables_in_practice  |
+---------------------+
| a                   |
| agent               |
| andor               |
| b                   |
| blanktablea         |
| blanktableb         |
| blog                |
| bonus               |
| books               |
| candidate           |
| client              |
| coalesce            |
| comments            |
| company             |
| customer            |
| customers           |
| demodept1           |
| demodept2           |
| dept                |
| dept1               |
| docs                |
| driver              |
| driver_address      |
| driver_licence      |
| driver_phone        |
| dummy               |
| duplicate           |
| dutyhistory         |
| emp                 |
| emp1                |
| emp2                |
| emp_attendance      |
| emp_cards           |
| emp_phone           |
| empj                |
| envelope            |
| food                |
| hobby               |
| item                |
| key_parts           |
| licence             |
| location            |
| mass_table          |
| menucard            |
| nearest             |
| new                 |
| newbooks            |
| nullif              |
| numberstring        |
| onduty              |
| ord                 |
| orders              |
| plumber             |
| plumber_service_map |
| points              |
| price               |
| product             |
| products            |
| quarter_revenue     |
| r                   |
| r1                  |
| r2                  |
| races               |
| regexpr             |
| replacedept         |
| revenue             |
| runners             |
| sales               |
| sales_channel       |
| salespeople         |
| salesperson         |
| salgrade            |
| service             |
| seta                |
| setb                |
| softdrink           |
| sort                |
| stadium             |
| states              |
| station             |
| status              |
| stringnumber        |
| tablea              |
| tableaa             |
| tableb              |
| tablebb             |
| tasks               |
| temp1               |
| transactions        |
| vehicle             |
| vote_response       |
| votes               |
| warehouse           |
| z                   |
+---------------------+
94 rows in set (0.00 sec)

mysql> create table person (id int primary key,name varchar(20),DOB date, Gender char(20),nationality varchar(20));
Query OK, 0 rows affected (0.10 sec)

mysql> desc person;
+-------------+-------------+------+-----+---------+-------+
| Field       | Type        | Null | Key | Default | Extra |
+-------------+-------------+------+-----+---------+-------+
| id          | int         | NO   | PRI | NULL    |       |
| name        | varchar(20) | YES  |     | NULL    |       |
| DOB         | date        | YES  |     | NULL    |       |
| Gender      | char(20)    | YES  |     | NULL    |       |
| nationality | varchar(20) | YES  |     | NULL    |       |
+-------------+-------------+------+-----+---------+-------+
5 rows in set (0.00 sec)

mysql> create table passportdetails (id int primary key,passportnunmber int not null,issueDate date, expiryDate date, foreign key(id) references person(id));
Query OK, 0 rows affected (0.06 sec)

mysql> desc passpoerdetails;
ERROR 1146 (42S02): Table 'practice.passpoerdetails' doesn't exist
mysql> desc passportdetails;
+-----------------+------+------+-----+---------+-------+
| Field           | Type | Null | Key | Default | Extra |
+-----------------+------+------+-----+---------+-------+
| id              | int  | NO   | PRI | NULL    |       |
| passportnunmber | int  | NO   |     | NULL    |       |
| issueDate       | date | YES  |     | NULL    |       |
| expiryDate      | date | YES  |     | NULL    |       |
+-----------------+------+------+-----+---------+-------+
4 rows in set (0.00 sec)

mysql> alter table passportdetails add id int foreign key;
ERROR 1064 (42000): You have an error in your SQL syntax; check the manual that corresponds to your MySQL server version for the right syntax to use near 'foreign key' at line 1
mysql> alter table passportdetails add foreign key(is) ;
ERROR 1064 (42000): You have an error in your SQL syntax; check the manual that corresponds to your MySQL server version for the right syntax to use near 'is)' at line 1
mysql> alter table passportdetails add foreign key(id) ;
ERROR 1064 (42000): You have an error in your SQL syntax; check the manual that corresponds to your MySQL server version for the right syntax to use near '' at line 1
mysql> alter table passportdetails add foreign key(id) references person(id);
Query OK, 0 rows affected (0.12 sec)
Records: 0  Duplicates: 0  Warnings: 0

mysql> desc passportdetails;
+-----------------+------+------+-----+---------+-------+
| Field           | Type | Null | Key | Default | Extra |
+-----------------+------+------+-----+---------+-------+
| id              | int  | NO   | PRI | NULL    |       |
| passportnunmber | int  | NO   |     | NULL    |       |
| issueDate       | date | YES  |     | NULL    |       |
| expiryDate      | date | YES  |     | NULL    |       |
+-----------------+------+------+-----+---------+-------+
4 rows in set (0.00 sec)

mysql> alter table passportdetails drop primary key(id);
ERROR 1064 (42000): You have an error in your SQL syntax; check the manual that corresponds to your MySQL server version for the right syntax to use near '(id)' at line 1
mysql> alter table passportdetails drop primary key;
ERROR 1553 (HY000): Cannot drop index 'PRIMARY': needed in a foreign key constraint
mysql> alter table passportdetails add id int ;
ERROR 1060 (42S21): Duplicate column name 'id'
mysql> alter table passportdetails drop foreign key;
ERROR 1064 (42000): You have an error in your SQL syntax; check the manual that corresponds to your MySQL server version for the right syntax to use near '' at line 1
mysql> alter table passportdetails drop foreign key(id);
ERROR 1064 (42000): You have an error in your SQL syntax; check the manual that corresponds to your MySQL server version for the right syntax to use near '(id)' at line 1
mysql> alter table passportdetails modify column id int;
Query OK, 0 rows affected (0.02 sec)
Records: 0  Duplicates: 0  Warnings: 0

mysql> desc passportdetails;
+-----------------+------+------+-----+---------+-------+
| Field           | Type | Null | Key | Default | Extra |
+-----------------+------+------+-----+---------+-------+
| id              | int  | NO   | PRI | NULL    |       |
| passportnunmber | int  | NO   |     | NULL    |       |
| issueDate       | date | YES  |     | NULL    |       |
| expiryDate      | date | YES  |     | NULL    |       |
+-----------------+------+------+-----+---------+-------+
4 rows in set (0.00 sec)

mysql> alter table passportdetails add foreign key(id) references person(id);
Query OK, 0 rows affected (0.11 sec)
Records: 0  Duplicates: 0  Warnings: 0

mysql> desc passportdetails;
+-----------------+------+------+-----+---------+-------+
| Field           | Type | Null | Key | Default | Extra |
+-----------------+------+------+-----+---------+-------+
| id              | int  | NO   | PRI | NULL    |       |
| passportnunmber | int  | NO   |     | NULL    |       |
| issueDate       | date | YES  |     | NULL    |       |
| expiryDate      | date | YES  |     | NULL    |       |
+-----------------+------+------+-----+---------+-------+
4 rows in set (0.00 sec)

mysql> alter table passportdetails modify column id int;
Query OK, 0 rows affected (0.02 sec)
Records: 0  Duplicates: 0  Warnings: 0

mysql> alter table passportdetails drop primary key(id);
ERROR 1064 (42000): You have an error in your SQL syntax; check the manual that corresponds to your MySQL server version for the right syntax to use near '(id)' at line 1
mysql> alter table passportdetails drop primary key;
ERROR 1553 (HY000): Cannot drop index 'PRIMARY': needed in a foreign key constraint
mysql> insert into passportdetails(passportnumber) values(1);
ERROR 1054 (42S22): Unknown column 'passportnumber' in 'field list'
mysql> insert into passportdetails(passportnunmber) values(1);
ERROR 1364 (HY000): Field 'id' doesn't have a default value
mysql> alter table passportdetails drop primary key,add primary key(passportnunmber);
ERROR 1553 (HY000): Cannot drop index 'PRIMARY': needed in a foreign key constraint
mysql> alter table passportdetails change id int;
ERROR 1064 (42000): You have an error in your SQL syntax; check the manual that corresponds to your MySQL server version for the right syntax to use near 'int' at line 1
mysql> drop passportdetails;
ERROR 1064 (42000): You have an error in your SQL syntax; check the manual that corresponds to your MySQL server version for the right syntax to use near 'passportdetails' at line 1
mysql> drop table passportdetails;
Query OK, 0 rows affected (0.04 sec)

mysql> create table passportdetails (id int,passportnunmber int not null,issueDate date, expiryDate date, foreign key(id) references person(id));
Query OK, 0 rows affected (0.37 sec)

mysql> desc passportdetails;
+-----------------+------+------+-----+---------+-------+
| Field           | Type | Null | Key | Default | Extra |
+-----------------+------+------+-----+---------+-------+
| id              | int  | YES  | MUL | NULL    |       |
| passportnunmber | int  | NO   |     | NULL    |       |
| issueDate       | date | YES  |     | NULL    |       |
| expiryDate      | date | YES  |     | NULL    |       |
+-----------------+------+------+-----+---------+-------+
4 rows in set (0.00 sec)

mysql> create table Company(cid int primary key, cname varchar(20) not null, cproduct varchar(20), state varchar(20));
ERROR 1050 (42S01): Table 'company' already exists
mysql> create table Company1(cid int primary key, cname varchar(20) not null, cproduct varchar(20), state varchar(20));
Query OK, 0 rows affected (0.05 sec)

mysql> desc company1;
+----------+-------------+------+-----+---------+-------+
| Field    | Type        | Null | Key | Default | Extra |
+----------+-------------+------+-----+---------+-------+
| cid      | int         | NO   | PRI | NULL    |       |
| cname    | varchar(20) | NO   |     | NULL    |       |
| cproduct | varchar(20) | YES  |     | NULL    |       |
| state    | varchar(20) | YES  |     | NULL    |       |
+----------+-------------+------+-----+---------+-------+
4 rows in set (0.00 sec)

mysql> create table Branches(bno int, city varchar(20));
Query OK, 0 rows affected (0.05 sec)

mysql> desc branches;
+-------+-------------+------+-----+---------+-------+
| Field | Type        | Null | Key | Default | Extra |
+-------+-------------+------+-----+---------+-------+
| bno   | int         | YES  |     | NULL    |       |
| city  | varchar(20) | YES  |     | NULL    |       |
+-------+-------------+------+-----+---------+-------+
2 rows in set (0.00 sec)

mysql> alter table branches add column cid int foreign key(cid) references company1(cid);
ERROR 1064 (42000): You have an error in your SQL syntax; check the manual that corresponds to your MySQL server version for the right syntax to use near 'foreign key(cid) references company1(cid)' at line 1
mysql> alter table branches add column cid int, foreign key(cid) references company1(cid);
ERROR 1064 (42000): You have an error in your SQL syntax; check the manual that corresponds to your MySQL server version for the right syntax to use near 'foreign key(cid) references company1(cid)' at line 1
mysql> alter table branches add column cid int;
Query OK, 0 rows affected (0.03 sec)
Records: 0  Duplicates: 0  Warnings: 0

mysql> alter table branches modify column foreign key(cid) references company1(cid);
ERROR 1064 (42000): You have an error in your SQL syntax; check the manual that corresponds to your MySQL server version for the right syntax to use near 'foreign key(cid) references company1(cid)' at line 1
mysql> alter table branches add foreign key(cid) references company1(cid);
Query OK, 0 rows affected (0.14 sec)
Records: 0  Duplicates: 0  Warnings: 0

mysql> desc branches;
+-------+-------------+------+-----+---------+-------+
| Field | Type        | Null | Key | Default | Extra |
+-------+-------------+------+-----+---------+-------+
| bno   | int         | YES  |     | NULL    |       |
| city  | varchar(20) | YES  |     | NULL    |       |
| cid   | int         | YES  | MUL | NULL    |       |
+-------+-------------+------+-----+---------+-------+
3 rows in set (0.00 sec)

mysql> insert into company1 values(11,"Samsung","mobile","KARNATAKA"),(12,"MicroTech","KeyBoard","Maharashtra"),(13,"Lenovo","Monitor","Kerala"),(14,"Compaq","Laptop","Karnataka"),(15,"Logitech","Keyboard","Gujarat"),(16,"Microsoft","Mouse","Gujarat"),(17,"Microsoft","Keyboard","Gujarat");
Query OK, 7 rows affected (0.01 sec)
Records: 7  Duplicates: 0  Warnings: 0

mysql> insert into Branches values(90,12,"Pune"),(91,11,"Banglore"),(92,11,"Hubli"),(93,14,"Banglore"),(94,13,"Kochi"),(95,12,"Mumbai"),(96,14,"Mysore"),(97,15,"Baroda"),(98,11,"Mysore");
ERROR 1366 (HY000): Incorrect integer value: 'Pune' for column 'cid' at row 1
mysql> insert into Branches values(90,"Pune",12),(91,"Banglore",11),(92,"Hubli",11),(93,"Banglore",14),(94,"Kochi",13),(95,"Mumbai",12),(96,"Mysore",14),(97,"Baroda",15),(98,"Mysore",11);
Query OK, 9 rows affected (0.01 sec)
Records: 9  Duplicates: 0  Warnings: 0

mysql> table branches;
+------+----------+------+
| bno  | city     | cid  |
+------+----------+------+
|   90 | Pune     |   12 |
|   91 | Banglore |   11 |
|   92 | Hubli    |   11 |
|   93 | Banglore |   14 |
|   94 | Kochi    |   13 |
|   95 | Mumbai   |   12 |
|   96 | Mysore   |   14 |
|   97 | Baroda   |   15 |
|   98 | Mysore   |   11 |
+------+----------+------+
9 rows in set (0.00 sec)

mysql> table company1;
+-----+-----------+----------+-------------+
| cid | cname     | cproduct | state       |
+-----+-----------+----------+-------------+
|  11 | Samsung   | mobile   | KARNATAKA   |
|  12 | MicroTech | KeyBoard | Maharashtra |
|  13 | Lenovo    | Monitor  | Kerala      |
|  14 | Compaq    | Laptop   | Karnataka   |
|  15 | Logitech  | Keyboard | Gujarat     |
|  16 | Microsoft | Mouse    | Gujarat     |
|  17 | Microsoft | Keyboard | Gujarat     |
+-----+-----------+----------+-------------+
7 rows in set (0.00 sec)

mysql> select * from comapany1 full join branches using(cid);
ERROR 1146 (42S02): Table 'practice.comapany1' doesn't exist
mysql> select * from company1 full join branches using(cid);
+-----+-----------+----------+-------------+------+----------+
| cid | cname     | cproduct | state       | bno  | city     |
+-----+-----------+----------+-------------+------+----------+
|  11 | Samsung   | mobile   | KARNATAKA   |   91 | Banglore |
|  11 | Samsung   | mobile   | KARNATAKA   |   92 | Hubli    |
|  11 | Samsung   | mobile   | KARNATAKA   |   98 | Mysore   |
|  12 | MicroTech | KeyBoard | Maharashtra |   90 | Pune     |
|  12 | MicroTech | KeyBoard | Maharashtra |   95 | Mumbai   |
|  13 | Lenovo    | Monitor  | Kerala      |   94 | Kochi    |
|  14 | Compaq    | Laptop   | Karnataka   |   93 | Banglore |
|  14 | Compaq    | Laptop   | Karnataka   |   96 | Mysore   |
|  15 | Logitech  | Keyboard | Gujarat     |   97 | Baroda   |
+-----+-----------+----------+-------------+------+----------+
9 rows in set (0.00 sec)

mysql> good night
    -> ;
ERROR 1064 (42000): You have an error in your SQL syntax; check the manual that corresponds to your MySQL server version for the right syntax to use near 'good night' at line 1
mysql>
mysql>
mysql> select cproduct from company1 where cname="Microtech";
+----------+
| cproduct |
+----------+
| KeyBoard |
+----------+
1 row in set (0.00 sec)

mysql> select * from company1 where cname="Microtech";
+-----+-----------+----------+-------------+
| cid | cname     | cproduct | state       |
+-----+-----------+----------+-------------+
|  12 | MicroTech | KeyBoard | Maharashtra |
+-----+-----------+----------+-------------+
1 row in set (0.00 sec)

mysql> select * from company1 where cproduct="Keyboard";
+-----+-----------+----------+-------------+
| cid | cname     | cproduct | state       |
+-----+-----------+----------+-------------+
|  12 | MicroTech | KeyBoard | Maharashtra |
|  15 | Logitech  | Keyboard | Gujarat     |
|  17 | Microsoft | Keyboard | Gujarat     |
+-----+-----------+----------+-------------+
3 rows in set (0.00 sec)

mysql> select * from branches where cid=(select cid from comapany1 where cname="Lenovo");
ERROR 1146 (42S02): Table 'practice.comapany1' doesn't exist
mysql> select * from branches where cid=(select cid from company1 where cname="Lenovo");
+------+-------+------+
| bno  | city  | cid  |
+------+-------+------+
|   94 | Kochi |   13 |
+------+-------+------+
1 row in set (0.00 sec)

mysql> select * from branches where city like "c%";
Empty set (0.00 sec)

mysql> select * from branches where city like "M%";
+------+--------+------+
| bno  | city   | cid  |
+------+--------+------+
|   95 | Mumbai |   12 |
|   96 | Mysore |   14 |
|   98 | Mysore |   11 |
+------+--------+------+
3 rows in set (0.00 sec)

mysql> select substring(cname,2,1) from company1;
+----------------------+
| substring(cname,2,1) |
+----------------------+
| a                    |
| i                    |
| e                    |
| o                    |
| o                    |
| i                    |
| i                    |
+----------------------+
7 rows in set (0.00 sec)

mysql> select substring(cname,2,1),cname from company1;
+----------------------+-----------+
| substring(cname,2,1) | cname     |
+----------------------+-----------+
| a                    | Samsung   |
| i                    | MicroTech |
| e                    | Lenovo    |
| o                    | Compaq    |
| o                    | Logitech  |
| i                    | Microsoft |
| i                    | Microsoft |
+----------------------+-----------+
7 rows in set (0.00 sec)

mysql> select substring(cname,1,1),cname from company1;
+----------------------+-----------+
| substring(cname,1,1) | cname     |
+----------------------+-----------+
| S                    | Samsung   |
| M                    | MicroTech |
| L                    | Lenovo    |
| C                    | Compaq    |
| L                    | Logitech  |
| M                    | Microsoft |
| M                    | Microsoft |
+----------------------+-----------+
7 rows in set (0.00 sec)

mysql> select cname from company1 where cproduct like "_o%";
+-----------+
| cname     |
+-----------+
| Samsung   |
| Lenovo    |
| Microsoft |
+-----------+
3 rows in set (0.00 sec)

mysql> select cname,cproduct from company1 where cproduct like "_o%";
+-----------+----------+
| cname     | cproduct |
+-----------+----------+
| Samsung   | mobile   |
| Lenovo    | Monitor  |
| Microsoft | Mouse    |
+-----------+----------+
3 rows in set (0.00 sec)

mysql> select count(compaq) from branches;
ERROR 1054 (42S22): Unknown column 'compaq' in 'field list'
mysql> select count(*) from branches;
+----------+
| count(*) |
+----------+
|        9 |
+----------+
1 row in set (0.00 sec)

mysql> select count(*) from branches where cname="compaq";
ERROR 1054 (42S22): Unknown column 'cname' in 'where clause'
mysql> select count(*) from branches where cid=(select cid from company1 where cname="compaq");
+----------+
| count(*) |
+----------+
|        2 |
+----------+
1 row in set (0.00 sec)

mysql>